

================================================================
== Vitis HLS Report for 'dense_latency_ap_fixed_16_6_5_3_0_ap_fixed_16_6_5_3_0_config6_s'
================================================================
* Date:           Wed Aug  6 12:30:44 2025

* Version:        2023.2 (Build 4023990 on Oct 11 2023)
* Project:        hls_simple_obds_synthesis
* Solution:       solution1 (Vivado IP Flow Target)
* Product family: virtexuplus
* Target device:  xcu250-figd2104-2L-e


================================================================
== Performance Estimates
================================================================
+ Timing: 
    * Summary: 
    +--------+----------+----------+------------+
    |  Clock |  Target  | Estimated| Uncertainty|
    +--------+----------+----------+------------+
    |ap_clk  |  10.00 ns|  4.750 ns|     2.70 ns|
    +--------+----------+----------+------------+

+ Latency: 
    * Summary: 
    +---------+---------+-----------+-----------+-----+-----+---------+
    |  Latency (cycles) |   Latency (absolute)  |  Interval | Pipeline|
    |   min   |   max   |    min    |    max    | min | max |   Type  |
    +---------+---------+-----------+-----------+-----+-----+---------+
    |        3|        3|  30.000 ns|  30.000 ns|    4|    4|      yes|
    +---------+---------+-----------+-----------+-----+-----+---------+

    + Detail: 
        * Instance: 
        N/A

        * Loop: 
        N/A



================================================================
== Utilization Estimates
================================================================
* Summary: 
+---------------------+---------+-------+---------+---------+------+
|         Name        | BRAM_18K|  DSP  |    FF   |   LUT   | URAM |
+---------------------+---------+-------+---------+---------+------+
|DSP                  |        -|      -|        -|        -|     -|
|Expression           |        -|      -|        0|      472|     -|
|FIFO                 |        -|      -|        -|        -|     -|
|Instance             |        -|      6|        0|       30|     -|
|Memory               |        -|      -|        -|        -|     -|
|Multiplexer          |        -|      -|        -|      290|     -|
|Register             |        -|      -|      399|        -|     -|
+---------------------+---------+-------+---------+---------+------+
|Total                |        0|      6|      399|      792|     0|
+---------------------+---------+-------+---------+---------+------+
|Available SLR        |     1344|   3072|   864000|   432000|   320|
+---------------------+---------+-------+---------+---------+------+
|Utilization SLR (%)  |        0|     ~0|       ~0|       ~0|     0|
+---------------------+---------+-------+---------+---------+------+
|Available            |     5376|  12288|  3456000|  1728000|  1280|
+---------------------+---------+-------+---------+---------+------+
|Utilization (%)      |        0|     ~0|       ~0|       ~0|     0|
+---------------------+---------+-------+---------+---------+------+

+ Detail: 
    * Instance: 
    +--------------------------+---------------------+---------+----+---+----+-----+
    |         Instance         |        Module       | BRAM_18K| DSP| FF| LUT| URAM|
    +--------------------------+---------------------+---------+----+---+----+-----+
    |mul_16s_11ns_26_1_1_U243  |mul_16s_11ns_26_1_1  |        0|   1|  0|   5|    0|
    |mul_16s_11s_26_1_1_U240   |mul_16s_11s_26_1_1   |        0|   1|  0|   5|    0|
    |mul_16s_11s_26_1_1_U242   |mul_16s_11s_26_1_1   |        0|   1|  0|   5|    0|
    |mul_16s_12s_26_1_1_U238   |mul_16s_12s_26_1_1   |        0|   1|  0|   5|    0|
    |mul_16s_12s_26_1_1_U239   |mul_16s_12s_26_1_1   |        0|   1|  0|   5|    0|
    |mul_16s_12s_26_1_1_U241   |mul_16s_12s_26_1_1   |        0|   1|  0|   5|    0|
    +--------------------------+---------------------+---------+----+---+----+-----+
    |Total                     |                     |        0|   6|  0|  30|    0|
    +--------------------------+---------------------+---------+----+---+----+-----+

    * DSP: 
    N/A

    * Memory: 
    N/A

    * FIFO: 
    N/A

    * Expression: 
    +-----------------------+----------+----+---+----+------------+------------+
    |     Variable Name     | Operation| DSP| FF| LUT| Bitwidth P0| Bitwidth P1|
    +-----------------------+----------+----+---+----+------------+------------+
    |add_ln58_10_fu_954_p2  |         +|   0|  0|  16|          16|          16|
    |add_ln58_11_fu_960_p2  |         +|   0|  0|  16|          16|          16|
    |add_ln58_12_fu_735_p2  |         +|   0|  0|  23|          16|          16|
    |add_ln58_13_fu_849_p2  |         +|   0|  0|  16|          16|          16|
    |add_ln58_14_fu_855_p2  |         +|   0|  0|  16|          16|          16|
    |add_ln58_15_fu_966_p2  |         +|   0|  0|  16|          16|          16|
    |add_ln58_16_fu_907_p2  |         +|   0|  0|  23|          16|          16|
    |add_ln58_17_fu_970_p2  |         +|   0|  0|  16|          16|          16|
    |add_ln58_18_fu_974_p2  |         +|   0|  0|  16|          16|          16|
    |add_ln58_19_fu_980_p2  |         +|   0|  0|  16|          16|          16|
    |add_ln58_1_fu_729_p2   |         +|   0|  0|  16|          16|          16|
    |add_ln58_20_fu_985_p2  |         +|   0|  0|  16|          16|          16|
    |add_ln58_21_fu_991_p2  |         +|   0|  0|  16|          16|          16|
    |add_ln58_2_fu_837_p2   |         +|   0|  0|  16|          16|          16|
    |add_ln58_3_fu_843_p2   |         +|   0|  0|  16|          16|          16|
    |add_ln58_4_fu_928_p2   |         +|   0|  0|  16|          16|          16|
    |add_ln58_5_fu_902_p2   |         +|   0|  0|  23|          16|          16|
    |add_ln58_6_fu_932_p2   |         +|   0|  0|  16|          16|          16|
    |add_ln58_7_fu_937_p2   |         +|   0|  0|  16|          16|          16|
    |add_ln58_8_fu_942_p2   |         +|   0|  0|  23|          16|           2|
    |add_ln58_9_fu_948_p2   |         +|   0|  0|  16|          16|          16|
    |add_ln58_fu_723_p2     |         +|   0|  0|  16|          16|          16|
    |add_ln73_1_fu_687_p2   |         +|   0|  0|  30|          23|          23|
    |add_ln73_2_fu_782_p2   |         +|   0|  0|  30|          23|          23|
    |add_ln73_fu_632_p2     |         +|   0|  0|  32|          25|          25|
    +-----------------------+----------+----+---+----+------------+------------+
    |Total                  |          |   0|  0| 472|         423|         409|
    +-----------------------+----------+----+---+----+------------+------------+

    * Multiplexer: 
    +---------------+----+-----------+-----+-----------+
    |      Name     | LUT| Input Size| Bits| Total Bits|
    +---------------+----+-----------+-----+-----------+
    |ap_NS_fsm      |  26|          5|    1|          5|
    |grp_fu_202_p0  |  26|          5|   16|         80|
    |grp_fu_202_p1  |  26|          5|   12|         60|
    |grp_fu_203_p0  |  20|          4|   16|         64|
    |grp_fu_203_p1  |  20|          4|   12|         48|
    |grp_fu_204_p0  |  20|          4|   16|         64|
    |grp_fu_204_p1  |  20|          4|   11|         44|
    |grp_fu_205_p0  |  26|          5|   16|         80|
    |grp_fu_205_p1  |  26|          5|   12|         60|
    |grp_fu_206_p0  |  20|          4|   16|         64|
    |grp_fu_206_p1  |  20|          4|   11|         44|
    |grp_fu_207_p0  |  20|          4|   16|         64|
    |grp_fu_207_p1  |  20|          4|   11|         44|
    +---------------+----+-----------+-----+-----------+
    |Total          | 290|         57|  166|        721|
    +---------------+----+-----------+-----+-----------+

    * Register: 
    +-------------------------+----+----+-----+-----------+
    |           Name          | FF | LUT| Bits| Const Bits|
    +-------------------------+----+----+-----+-----------+
    |add_ln58_12_reg_1024     |  16|   0|   16|          0|
    |add_ln58_14_reg_1054     |  16|   0|   16|          0|
    |add_ln58_16_reg_1084     |  16|   0|   16|          0|
    |add_ln58_1_reg_1019      |  16|   0|   16|          0|
    |add_ln58_3_reg_1049      |  16|   0|   16|          0|
    |add_ln58_5_reg_1079      |  16|   0|   16|          0|
    |ap_CS_fsm                |   4|   0|    4|          0|
    |ap_port_reg_data_10_val  |  16|   0|   16|          0|
    |ap_port_reg_data_11_val  |  16|   0|   16|          0|
    |ap_port_reg_data_4_val   |  16|   0|   16|          0|
    |ap_port_reg_data_5_val   |  16|   0|   16|          0|
    |ap_port_reg_data_6_val   |  16|   0|   16|          0|
    |ap_port_reg_data_7_val   |  16|   0|   16|          0|
    |ap_port_reg_data_8_val   |  16|   0|   16|          0|
    |ap_port_reg_data_9_val   |  16|   0|   16|          0|
    |reg_585                  |  16|   0|   16|          0|
    |sext_ln70_6_reg_1039     |  26|   0|   26|          0|
    |trunc_ln42_10_reg_1029   |  16|   0|   16|          0|
    |trunc_ln42_11_reg_1034   |  12|   0|   12|          0|
    |trunc_ln42_13_reg_1044   |  16|   0|   16|          0|
    |trunc_ln42_16_reg_1059   |  16|   0|   16|          0|
    |trunc_ln42_17_reg_1064   |  16|   0|   16|          0|
    |trunc_ln42_18_reg_1069   |  11|   0|   11|          0|
    |trunc_ln42_19_reg_1074   |  15|   0|   15|          0|
    |trunc_ln42_1_reg_1009    |  13|   0|   13|          0|
    |trunc_ln42_5_reg_1014    |  14|   0|   14|          0|
    +-------------------------+----+----+-----+-----------+
    |Total                    | 399|   0|  399|          0|
    +-------------------------+----+----+-----+-----------+



================================================================
== Interface
================================================================
* Summary: 
+-------------+-----+-----+------------+----------------------------------------------------------------------------+--------------+
|  RTL Ports  | Dir | Bits|  Protocol  |                                Source Object                               |    C Type    |
+-------------+-----+-----+------------+----------------------------------------------------------------------------+--------------+
|ap_clk       |   in|    1|  ap_ctrl_hs|  dense_latency<ap_fixed<16, 6, 5, 3, 0>, ap_fixed<16, 6, 5, 3, 0>, config6>|  return value|
|ap_rst       |   in|    1|  ap_ctrl_hs|  dense_latency<ap_fixed<16, 6, 5, 3, 0>, ap_fixed<16, 6, 5, 3, 0>, config6>|  return value|
|ap_start     |   in|    1|  ap_ctrl_hs|  dense_latency<ap_fixed<16, 6, 5, 3, 0>, ap_fixed<16, 6, 5, 3, 0>, config6>|  return value|
|ap_done      |  out|    1|  ap_ctrl_hs|  dense_latency<ap_fixed<16, 6, 5, 3, 0>, ap_fixed<16, 6, 5, 3, 0>, config6>|  return value|
|ap_idle      |  out|    1|  ap_ctrl_hs|  dense_latency<ap_fixed<16, 6, 5, 3, 0>, ap_fixed<16, 6, 5, 3, 0>, config6>|  return value|
|ap_ready     |  out|    1|  ap_ctrl_hs|  dense_latency<ap_fixed<16, 6, 5, 3, 0>, ap_fixed<16, 6, 5, 3, 0>, config6>|  return value|
|ap_return_0  |  out|   16|  ap_ctrl_hs|  dense_latency<ap_fixed<16, 6, 5, 3, 0>, ap_fixed<16, 6, 5, 3, 0>, config6>|  return value|
|ap_return_1  |  out|   16|  ap_ctrl_hs|  dense_latency<ap_fixed<16, 6, 5, 3, 0>, ap_fixed<16, 6, 5, 3, 0>, config6>|  return value|
|ap_ce        |   in|    1|  ap_ctrl_hs|  dense_latency<ap_fixed<16, 6, 5, 3, 0>, ap_fixed<16, 6, 5, 3, 0>, config6>|  return value|
|data_0_val   |   in|   16|     ap_none|                                                                  data_0_val|        scalar|
|data_1_val   |   in|   16|     ap_none|                                                                  data_1_val|        scalar|
|data_2_val   |   in|   16|     ap_none|                                                                  data_2_val|        scalar|
|data_3_val   |   in|   16|     ap_none|                                                                  data_3_val|        scalar|
|data_4_val   |   in|   16|     ap_none|                                                                  data_4_val|        scalar|
|data_5_val   |   in|   16|     ap_none|                                                                  data_5_val|        scalar|
|data_6_val   |   in|   16|     ap_none|                                                                  data_6_val|        scalar|
|data_7_val   |   in|   16|     ap_none|                                                                  data_7_val|        scalar|
|data_8_val   |   in|   16|     ap_none|                                                                  data_8_val|        scalar|
|data_9_val   |   in|   16|     ap_none|                                                                  data_9_val|        scalar|
|data_10_val  |   in|   16|     ap_none|                                                                 data_10_val|        scalar|
|data_11_val  |   in|   16|     ap_none|                                                                 data_11_val|        scalar|
+-------------+-----+-----+------------+----------------------------------------------------------------------------+--------------+

