

================================================================
== Vitis HLS Report for 'dense_latency_ap_fixed_16_6_5_3_0_ap_fixed_16_6_5_3_0_config4_s'
================================================================
* Date:           Wed Aug  6 12:30:42 2025

* Version:        2023.2 (Build 4023990 on Oct 11 2023)
* Project:        hls_simple_obds_synthesis
* Solution:       solution1 (Vivado IP Flow Target)
* Product family: virtexuplus
* Target device:  xcu250-figd2104-2L-e


================================================================
== Performance Estimates
================================================================
+ Timing: 
    * Summary: 
    +--------+----------+----------+------------+
    |  Clock |  Target  | Estimated| Uncertainty|
    +--------+----------+----------+------------+
    |ap_clk  |  10.00 ns|  5.425 ns|     2.70 ns|
    +--------+----------+----------+------------+

+ Latency: 
    * Summary: 
    +---------+---------+-----------+-----------+-----+-----+---------+
    |  Latency (cycles) |   Latency (absolute)  |  Interval | Pipeline|
    |   min   |   max   |    min    |    max    | min | max |   Type  |
    +---------+---------+-----------+-----------+-----+-----+---------+
    |        3|        3|  30.000 ns|  30.000 ns|    4|    4|      yes|
    +---------+---------+-----------+-----------+-----+-----+---------+

    + Detail: 
        * Instance: 
        N/A

        * Loop: 
        N/A



================================================================
== Utilization Estimates
================================================================
* Summary: 
+---------------------+---------+-------+---------+---------+------+
|         Name        | BRAM_18K|  DSP  |    FF   |   LUT   | URAM |
+---------------------+---------+-------+---------+---------+------+
|DSP                  |        -|      -|        -|        -|     -|
|Expression           |        -|      -|        0|     6479|     -|
|FIFO                 |        -|      -|        -|        -|     -|
|Instance             |        -|     72|        0|      360|     -|
|Memory               |        -|      -|        -|        -|     -|
|Multiplexer          |        -|      -|        -|     2978|     -|
|Register             |        -|      -|     1896|        -|     -|
+---------------------+---------+-------+---------+---------+------+
|Total                |        0|     72|     1896|     9817|     0|
+---------------------+---------+-------+---------+---------+------+
|Available SLR        |     1344|   3072|   864000|   432000|   320|
+---------------------+---------+-------+---------+---------+------+
|Utilization SLR (%)  |        0|      2|       ~0|        2|     0|
+---------------------+---------+-------+---------+---------+------+
|Available            |     5376|  12288|  3456000|  1728000|  1280|
+---------------------+---------+-------+---------+---------+------+
|Utilization (%)      |        0|     ~0|       ~0|       ~0|     0|
+---------------------+---------+-------+---------+---------+------+

+ Detail: 
    * Instance: 
    +--------------------------+---------------------+---------+----+---+----+-----+
    |         Instance         |        Module       | BRAM_18K| DSP| FF| LUT| URAM|
    +--------------------------+---------------------+---------+----+---+----+-----+
    |mul_16s_10ns_26_1_1_U132  |mul_16s_10ns_26_1_1  |        0|   1|  0|   5|    0|
    |mul_16s_10ns_26_1_1_U141  |mul_16s_10ns_26_1_1  |        0|   1|  0|   5|    0|
    |mul_16s_10ns_26_1_1_U162  |mul_16s_10ns_26_1_1  |        0|   1|  0|   5|    0|
    |mul_16s_10ns_26_1_1_U166  |mul_16s_10ns_26_1_1  |        0|   1|  0|   5|    0|
    |mul_16s_10ns_26_1_1_U167  |mul_16s_10ns_26_1_1  |        0|   1|  0|   5|    0|
    |mul_16s_10ns_26_1_1_U177  |mul_16s_10ns_26_1_1  |        0|   1|  0|   5|    0|
    |mul_16s_10s_25_1_1_U128   |mul_16s_10s_25_1_1   |        0|   1|  0|   5|    0|
    |mul_16s_10s_25_1_1_U131   |mul_16s_10s_25_1_1   |        0|   1|  0|   5|    0|
    |mul_16s_10s_25_1_1_U139   |mul_16s_10s_25_1_1   |        0|   1|  0|   5|    0|
    |mul_16s_10s_25_1_1_U143   |mul_16s_10s_25_1_1   |        0|   1|  0|   5|    0|
    |mul_16s_10s_25_1_1_U155   |mul_16s_10s_25_1_1   |        0|   1|  0|   5|    0|
    |mul_16s_10s_25_1_1_U161   |mul_16s_10s_25_1_1   |        0|   1|  0|   5|    0|
    |mul_16s_10s_25_1_1_U165   |mul_16s_10s_25_1_1   |        0|   1|  0|   5|    0|
    |mul_16s_10s_25_1_1_U190   |mul_16s_10s_25_1_1   |        0|   1|  0|   5|    0|
    |mul_16s_10s_26_1_1_U147   |mul_16s_10s_26_1_1   |        0|   1|  0|   5|    0|
    |mul_16s_10s_26_1_1_U148   |mul_16s_10s_26_1_1   |        0|   1|  0|   5|    0|
    |mul_16s_10s_26_1_1_U150   |mul_16s_10s_26_1_1   |        0|   1|  0|   5|    0|
    |mul_16s_10s_26_1_1_U154   |mul_16s_10s_26_1_1   |        0|   1|  0|   5|    0|
    |mul_16s_10s_26_1_1_U156   |mul_16s_10s_26_1_1   |        0|   1|  0|   5|    0|
    |mul_16s_10s_26_1_1_U159   |mul_16s_10s_26_1_1   |        0|   1|  0|   5|    0|
    |mul_16s_10s_26_1_1_U164   |mul_16s_10s_26_1_1   |        0|   1|  0|   5|    0|
    |mul_16s_10s_26_1_1_U173   |mul_16s_10s_26_1_1   |        0|   1|  0|   5|    0|
    |mul_16s_10s_26_1_1_U175   |mul_16s_10s_26_1_1   |        0|   1|  0|   5|    0|
    |mul_16s_10s_26_1_1_U180   |mul_16s_10s_26_1_1   |        0|   1|  0|   5|    0|
    |mul_16s_10s_26_1_1_U181   |mul_16s_10s_26_1_1   |        0|   1|  0|   5|    0|
    |mul_16s_10s_26_1_1_U186   |mul_16s_10s_26_1_1   |        0|   1|  0|   5|    0|
    |mul_16s_10s_26_1_1_U189   |mul_16s_10s_26_1_1   |        0|   1|  0|   5|    0|
    |mul_16s_10s_26_1_1_U195   |mul_16s_10s_26_1_1   |        0|   1|  0|   5|    0|
    |mul_16s_10s_26_1_1_U196   |mul_16s_10s_26_1_1   |        0|   1|  0|   5|    0|
    |mul_16s_10s_26_1_1_U198   |mul_16s_10s_26_1_1   |        0|   1|  0|   5|    0|
    |mul_16s_11s_26_1_1_U129   |mul_16s_11s_26_1_1   |        0|   1|  0|   5|    0|
    |mul_16s_11s_26_1_1_U134   |mul_16s_11s_26_1_1   |        0|   1|  0|   5|    0|
    |mul_16s_11s_26_1_1_U135   |mul_16s_11s_26_1_1   |        0|   1|  0|   5|    0|
    |mul_16s_11s_26_1_1_U136   |mul_16s_11s_26_1_1   |        0|   1|  0|   5|    0|
    |mul_16s_11s_26_1_1_U137   |mul_16s_11s_26_1_1   |        0|   1|  0|   5|    0|
    |mul_16s_11s_26_1_1_U138   |mul_16s_11s_26_1_1   |        0|   1|  0|   5|    0|
    |mul_16s_11s_26_1_1_U140   |mul_16s_11s_26_1_1   |        0|   1|  0|   5|    0|
    |mul_16s_11s_26_1_1_U142   |mul_16s_11s_26_1_1   |        0|   1|  0|   5|    0|
    |mul_16s_11s_26_1_1_U144   |mul_16s_11s_26_1_1   |        0|   1|  0|   5|    0|
    |mul_16s_11s_26_1_1_U145   |mul_16s_11s_26_1_1   |        0|   1|  0|   5|    0|
    |mul_16s_11s_26_1_1_U146   |mul_16s_11s_26_1_1   |        0|   1|  0|   5|    0|
    |mul_16s_11s_26_1_1_U149   |mul_16s_11s_26_1_1   |        0|   1|  0|   5|    0|
    |mul_16s_11s_26_1_1_U151   |mul_16s_11s_26_1_1   |        0|   1|  0|   5|    0|
    |mul_16s_11s_26_1_1_U153   |mul_16s_11s_26_1_1   |        0|   1|  0|   5|    0|
    |mul_16s_11s_26_1_1_U157   |mul_16s_11s_26_1_1   |        0|   1|  0|   5|    0|
    |mul_16s_11s_26_1_1_U158   |mul_16s_11s_26_1_1   |        0|   1|  0|   5|    0|
    |mul_16s_11s_26_1_1_U163   |mul_16s_11s_26_1_1   |        0|   1|  0|   5|    0|
    |mul_16s_11s_26_1_1_U168   |mul_16s_11s_26_1_1   |        0|   1|  0|   5|    0|
    |mul_16s_11s_26_1_1_U169   |mul_16s_11s_26_1_1   |        0|   1|  0|   5|    0|
    |mul_16s_11s_26_1_1_U170   |mul_16s_11s_26_1_1   |        0|   1|  0|   5|    0|
    |mul_16s_11s_26_1_1_U172   |mul_16s_11s_26_1_1   |        0|   1|  0|   5|    0|
    |mul_16s_11s_26_1_1_U174   |mul_16s_11s_26_1_1   |        0|   1|  0|   5|    0|
    |mul_16s_11s_26_1_1_U176   |mul_16s_11s_26_1_1   |        0|   1|  0|   5|    0|
    |mul_16s_11s_26_1_1_U178   |mul_16s_11s_26_1_1   |        0|   1|  0|   5|    0|
    |mul_16s_11s_26_1_1_U179   |mul_16s_11s_26_1_1   |        0|   1|  0|   5|    0|
    |mul_16s_11s_26_1_1_U182   |mul_16s_11s_26_1_1   |        0|   1|  0|   5|    0|
    |mul_16s_11s_26_1_1_U183   |mul_16s_11s_26_1_1   |        0|   1|  0|   5|    0|
    |mul_16s_11s_26_1_1_U184   |mul_16s_11s_26_1_1   |        0|   1|  0|   5|    0|
    |mul_16s_11s_26_1_1_U187   |mul_16s_11s_26_1_1   |        0|   1|  0|   5|    0|
    |mul_16s_11s_26_1_1_U192   |mul_16s_11s_26_1_1   |        0|   1|  0|   5|    0|
    |mul_16s_11s_26_1_1_U193   |mul_16s_11s_26_1_1   |        0|   1|  0|   5|    0|
    |mul_16s_11s_26_1_1_U194   |mul_16s_11s_26_1_1   |        0|   1|  0|   5|    0|
    |mul_16s_11s_26_1_1_U197   |mul_16s_11s_26_1_1   |        0|   1|  0|   5|    0|
    |mul_16s_11s_26_1_1_U199   |mul_16s_11s_26_1_1   |        0|   1|  0|   5|    0|
    |mul_16s_8ns_24_1_1_U130   |mul_16s_8ns_24_1_1   |        0|   1|  0|   5|    0|
    |mul_16s_9s_24_1_1_U188    |mul_16s_9s_24_1_1    |        0|   1|  0|   5|    0|
    |mul_16s_9s_25_1_1_U133    |mul_16s_9s_25_1_1    |        0|   1|  0|   5|    0|
    |mul_16s_9s_25_1_1_U152    |mul_16s_9s_25_1_1    |        0|   1|  0|   5|    0|
    |mul_16s_9s_25_1_1_U160    |mul_16s_9s_25_1_1    |        0|   1|  0|   5|    0|
    |mul_16s_9s_25_1_1_U171    |mul_16s_9s_25_1_1    |        0|   1|  0|   5|    0|
    |mul_16s_9s_25_1_1_U185    |mul_16s_9s_25_1_1    |        0|   1|  0|   5|    0|
    |mul_16s_9s_25_1_1_U191    |mul_16s_9s_25_1_1    |        0|   1|  0|   5|    0|
    +--------------------------+---------------------+---------+----+---+----+-----+
    |Total                     |                     |        0|  72|  0| 360|    0|
    +--------------------------+---------------------+---------+----+---+----+-----+

    * DSP: 
    N/A

    * Memory: 
    N/A

    * FIFO: 
    N/A

    * Expression: 
    +--------------------------+----------+----+---+----+------------+------------+
    |       Variable Name      | Operation| DSP| FF| LUT| Bitwidth P0| Bitwidth P1|
    +--------------------------+----------+----+---+----+------------+------------+
    |add_ln58_100_fu_37603_p2  |         +|   0|  0|  16|          16|          16|
    |add_ln58_101_fu_39933_p2  |         +|   0|  0|  16|          16|          16|
    |add_ln58_102_fu_39349_p2  |         +|   0|  0|  16|          16|          16|
    |add_ln58_103_fu_39355_p2  |         +|   0|  0|  16|          16|          16|
    |add_ln58_104_fu_39360_p2  |         +|   0|  0|  16|          16|          16|
    |add_ln58_105_fu_39366_p2  |         +|   0|  0|  16|          16|          16|
    |add_ln58_106_fu_39937_p2  |         +|   0|  0|  16|          16|          16|
    |add_ln58_107_fu_39372_p2  |         +|   0|  0|  23|          16|          16|
    |add_ln58_108_fu_39941_p2  |         +|   0|  0|  16|          16|          16|
    |add_ln58_109_fu_39946_p2  |         +|   0|  0|  16|          16|          16|
    |add_ln58_110_fu_39951_p2  |         +|   0|  0|  20|          13|           1|
    |add_ln58_111_fu_39961_p2  |         +|   0|  0|  16|          16|          16|
    |add_ln58_112_fu_39967_p2  |         +|   0|  0|  16|          16|          16|
    |add_ln58_113_fu_39973_p2  |         +|   0|  0|  16|          16|          16|
    |add_ln58_114_fu_39979_p2  |         +|   0|  0|  16|          16|          16|
    |add_ln58_115_fu_35946_p2  |         +|   0|  0|  23|          16|          16|
    |add_ln58_116_fu_35952_p2  |         +|   0|  0|  16|          16|          16|
    |add_ln58_117_fu_35958_p2  |         +|   0|  0|  16|          16|          16|
    |add_ln58_118_fu_35964_p2  |         +|   0|  0|  16|          16|          16|
    |add_ln58_119_fu_35970_p2  |         +|   0|  0|  16|          16|          16|
    |add_ln58_120_fu_37609_p2  |         +|   0|  0|  23|          16|          16|
    |add_ln58_121_fu_37614_p2  |         +|   0|  0|  16|          16|          16|
    |add_ln58_122_fu_37620_p2  |         +|   0|  0|  16|          16|          16|
    |add_ln58_123_fu_37626_p2  |         +|   0|  0|  16|          16|          16|
    |add_ln58_124_fu_37632_p2  |         +|   0|  0|  16|          16|          16|
    |add_ln58_125_fu_39985_p2  |         +|   0|  0|  16|          16|          16|
    |add_ln58_126_fu_37638_p2  |         +|   0|  0|  16|          16|          16|
    |add_ln58_127_fu_37644_p2  |         +|   0|  0|  16|          16|          16|
    |add_ln58_128_fu_39378_p2  |         +|   0|  0|  16|          16|          16|
    |add_ln58_129_fu_39384_p2  |         +|   0|  0|  16|          16|          16|
    |add_ln58_130_fu_39989_p2  |         +|   0|  0|  16|          16|          16|
    |add_ln58_131_fu_39390_p2  |         +|   0|  0|  23|          16|          16|
    |add_ln58_132_fu_39993_p2  |         +|   0|  0|  16|          16|          16|
    |add_ln58_133_fu_39998_p2  |         +|   0|  0|  16|          16|          16|
    |add_ln58_134_fu_40003_p2  |         +|   0|  0|  23|          16|           2|
    |add_ln58_135_fu_40009_p2  |         +|   0|  0|  16|          16|          16|
    |add_ln58_136_fu_40015_p2  |         +|   0|  0|  16|          16|          16|
    |add_ln58_137_fu_40021_p2  |         +|   0|  0|  16|          16|          16|
    |add_ln58_138_fu_40027_p2  |         +|   0|  0|  16|          16|          16|
    |add_ln58_139_fu_35976_p2  |         +|   0|  0|  23|          16|          16|
    |add_ln58_140_fu_35982_p2  |         +|   0|  0|  16|          16|          16|
    |add_ln58_141_fu_35988_p2  |         +|   0|  0|  16|          16|          16|
    |add_ln58_142_fu_35994_p2  |         +|   0|  0|  16|          16|          16|
    |add_ln58_143_fu_36000_p2  |         +|   0|  0|  16|          16|          16|
    |add_ln58_144_fu_37650_p2  |         +|   0|  0|  23|          16|          16|
    |add_ln58_145_fu_37656_p2  |         +|   0|  0|  16|          16|          16|
    |add_ln58_146_fu_37662_p2  |         +|   0|  0|  16|          16|          16|
    |add_ln58_147_fu_37668_p2  |         +|   0|  0|  16|          16|          16|
    |add_ln58_148_fu_37674_p2  |         +|   0|  0|  16|          16|          16|
    |add_ln58_149_fu_40033_p2  |         +|   0|  0|  16|          16|          16|
    |add_ln58_150_fu_37680_p2  |         +|   0|  0|  16|          16|          16|
    |add_ln58_151_fu_37686_p2  |         +|   0|  0|  16|          16|          16|
    |add_ln58_152_fu_39396_p2  |         +|   0|  0|  16|          16|          16|
    |add_ln58_153_fu_39402_p2  |         +|   0|  0|  16|          16|          16|
    |add_ln58_154_fu_40037_p2  |         +|   0|  0|  16|          16|          16|
    |add_ln58_155_fu_39408_p2  |         +|   0|  0|  23|          16|          16|
    |add_ln58_156_fu_40041_p2  |         +|   0|  0|  16|          16|          16|
    |add_ln58_157_fu_40046_p2  |         +|   0|  0|  16|          16|          16|
    |add_ln58_158_fu_40051_p2  |         +|   0|  0|  23|          16|           4|
    |add_ln58_159_fu_40057_p2  |         +|   0|  0|  16|          16|          16|
    |add_ln58_160_fu_40063_p2  |         +|   0|  0|  16|          16|          16|
    |add_ln58_161_fu_40069_p2  |         +|   0|  0|  16|          16|          16|
    |add_ln58_162_fu_40075_p2  |         +|   0|  0|  16|          16|          16|
    |add_ln58_163_fu_36006_p2  |         +|   0|  0|  23|          16|          16|
    |add_ln58_164_fu_36012_p2  |         +|   0|  0|  16|          16|          16|
    |add_ln58_165_fu_36018_p2  |         +|   0|  0|  16|          16|          16|
    |add_ln58_166_fu_36024_p2  |         +|   0|  0|  16|          16|          16|
    |add_ln58_167_fu_36030_p2  |         +|   0|  0|  16|          16|          16|
    |add_ln58_168_fu_37692_p2  |         +|   0|  0|  23|          16|          16|
    |add_ln58_169_fu_37698_p2  |         +|   0|  0|  16|          16|          16|
    |add_ln58_170_fu_37704_p2  |         +|   0|  0|  16|          16|          16|
    |add_ln58_171_fu_37710_p2  |         +|   0|  0|  16|          16|          16|
    |add_ln58_172_fu_37716_p2  |         +|   0|  0|  16|          16|          16|
    |add_ln58_173_fu_40081_p2  |         +|   0|  0|  16|          16|          16|
    |add_ln58_174_fu_37722_p2  |         +|   0|  0|  16|          16|          16|
    |add_ln58_175_fu_37728_p2  |         +|   0|  0|  16|          16|          16|
    |add_ln58_176_fu_39414_p2  |         +|   0|  0|  16|          16|          16|
    |add_ln58_177_fu_39420_p2  |         +|   0|  0|  16|          16|          16|
    |add_ln58_178_fu_40085_p2  |         +|   0|  0|  16|          16|          16|
    |add_ln58_179_fu_39426_p2  |         +|   0|  0|  23|          16|          16|
    |add_ln58_180_fu_40089_p2  |         +|   0|  0|  16|          16|          16|
    |add_ln58_181_fu_40093_p2  |         +|   0|  0|  16|          16|          16|
    |add_ln58_182_fu_40099_p2  |         +|   0|  0|  16|          16|          16|
    |add_ln58_183_fu_40105_p2  |         +|   0|  0|  16|          16|          16|
    |add_ln58_184_fu_40111_p2  |         +|   0|  0|  16|          16|          16|
    |add_ln58_185_fu_40117_p2  |         +|   0|  0|  16|          16|          16|
    |add_ln58_186_fu_36036_p2  |         +|   0|  0|  23|          16|          16|
    |add_ln58_187_fu_36042_p2  |         +|   0|  0|  16|          16|          16|
    |add_ln58_188_fu_36048_p2  |         +|   0|  0|  16|          16|          16|
    |add_ln58_189_fu_36054_p2  |         +|   0|  0|  16|          16|          16|
    |add_ln58_190_fu_36060_p2  |         +|   0|  0|  16|          16|          16|
    |add_ln58_191_fu_37734_p2  |         +|   0|  0|  23|          16|          16|
    |add_ln58_192_fu_37740_p2  |         +|   0|  0|  16|          16|          16|
    |add_ln58_193_fu_37745_p2  |         +|   0|  0|  16|          16|          16|
    |add_ln58_194_fu_37751_p2  |         +|   0|  0|  16|          16|          16|
    |add_ln58_195_fu_37757_p2  |         +|   0|  0|  16|          16|          16|
    |add_ln58_196_fu_39432_p2  |         +|   0|  0|  16|          16|          16|
    |add_ln58_197_fu_37763_p2  |         +|   0|  0|  16|          16|          16|
    |add_ln58_198_fu_37769_p2  |         +|   0|  0|  16|          16|          16|
    |add_ln58_199_fu_39436_p2  |         +|   0|  0|  16|          16|          16|
    |add_ln58_200_fu_39442_p2  |         +|   0|  0|  16|          16|          16|
    |add_ln58_201_fu_39448_p2  |         +|   0|  0|  16|          16|          16|
    |add_ln58_202_fu_39453_p2  |         +|   0|  0|  23|          16|          16|
    |add_ln58_203_fu_39459_p2  |         +|   0|  0|  16|          16|          16|
    |add_ln58_204_fu_39465_p2  |         +|   0|  0|  16|          16|          16|
    |add_ln58_205_fu_39471_p2  |         +|   0|  0|  16|          16|          16|
    |add_ln58_206_fu_39477_p2  |         +|   0|  0|  16|          16|          16|
    |add_ln58_207_fu_39483_p2  |         +|   0|  0|  16|          16|          16|
    |add_ln58_208_fu_39489_p2  |         +|   0|  0|  16|          16|          16|
    |add_ln58_209_fu_36066_p2  |         +|   0|  0|  23|          16|          16|
    |add_ln58_210_fu_36072_p2  |         +|   0|  0|  16|          16|          16|
    |add_ln58_211_fu_36078_p2  |         +|   0|  0|  16|          16|          16|
    |add_ln58_212_fu_36084_p2  |         +|   0|  0|  16|          16|          16|
    |add_ln58_213_fu_36090_p2  |         +|   0|  0|  16|          16|          16|
    |add_ln58_214_fu_37775_p2  |         +|   0|  0|  23|          16|          16|
    |add_ln58_215_fu_37781_p2  |         +|   0|  0|  16|          16|          16|
    |add_ln58_216_fu_37787_p2  |         +|   0|  0|  16|          16|          16|
    |add_ln58_217_fu_37793_p2  |         +|   0|  0|  16|          16|          16|
    |add_ln58_218_fu_37799_p2  |         +|   0|  0|  16|          16|          16|
    |add_ln58_219_fu_40123_p2  |         +|   0|  0|  16|          16|          16|
    |add_ln58_220_fu_37805_p2  |         +|   0|  0|  16|          16|          16|
    |add_ln58_221_fu_37811_p2  |         +|   0|  0|  16|          16|          16|
    |add_ln58_222_fu_39495_p2  |         +|   0|  0|  22|          15|          15|
    |add_ln58_223_fu_39505_p2  |         +|   0|  0|  23|          16|          16|
    |add_ln58_224_fu_40127_p2  |         +|   0|  0|  16|          16|          16|
    |add_ln58_225_fu_39511_p2  |         +|   0|  0|  22|          15|          15|
    |add_ln58_226_fu_40134_p2  |         +|   0|  0|  16|          16|          16|
    |add_ln58_227_fu_40140_p2  |         +|   0|  0|  16|          16|          16|
    |add_ln58_228_fu_40146_p2  |         +|   0|  0|  22|          15|           2|
    |add_ln58_229_fu_40156_p2  |         +|   0|  0|  16|          16|          16|
    |add_ln58_22_fu_35832_p2   |         +|   0|  0|  16|          16|          16|
    |add_ln58_230_fu_40162_p2  |         +|   0|  0|  16|          16|          16|
    |add_ln58_231_fu_40168_p2  |         +|   0|  0|  16|          16|          16|
    |add_ln58_232_fu_40174_p2  |         +|   0|  0|  16|          16|          16|
    |add_ln58_233_fu_36096_p2  |         +|   0|  0|  23|          16|          16|
    |add_ln58_234_fu_36102_p2  |         +|   0|  0|  16|          16|          16|
    |add_ln58_235_fu_36108_p2  |         +|   0|  0|  16|          16|          16|
    |add_ln58_236_fu_36114_p2  |         +|   0|  0|  16|          16|          16|
    |add_ln58_237_fu_36120_p2  |         +|   0|  0|  16|          16|          16|
    |add_ln58_238_fu_37817_p2  |         +|   0|  0|  23|          16|          16|
    |add_ln58_239_fu_37823_p2  |         +|   0|  0|  16|          16|          16|
    |add_ln58_23_fu_35838_p2   |         +|   0|  0|  16|          16|          16|
    |add_ln58_240_fu_37829_p2  |         +|   0|  0|  16|          16|          16|
    |add_ln58_241_fu_37835_p2  |         +|   0|  0|  16|          16|          16|
    |add_ln58_242_fu_37841_p2  |         +|   0|  0|  16|          16|          16|
    |add_ln58_243_fu_40180_p2  |         +|   0|  0|  16|          16|          16|
    |add_ln58_244_fu_37847_p2  |         +|   0|  0|  16|          16|          16|
    |add_ln58_245_fu_37853_p2  |         +|   0|  0|  16|          16|          16|
    |add_ln58_246_fu_39517_p2  |         +|   0|  0|  22|          15|          15|
    |add_ln58_247_fu_39527_p2  |         +|   0|  0|  23|          16|          16|
    |add_ln58_248_fu_40184_p2  |         +|   0|  0|  16|          16|          16|
    |add_ln58_249_fu_39533_p2  |         +|   0|  0|  23|          16|          16|
    |add_ln58_24_fu_35844_p2   |         +|   0|  0|  16|          16|          16|
    |add_ln58_250_fu_40188_p2  |         +|   0|  0|  16|          16|          16|
    |add_ln58_251_fu_40192_p2  |         +|   0|  0|  16|          16|          16|
    |add_ln58_252_fu_40198_p2  |         +|   0|  0|  16|          16|          16|
    |add_ln58_253_fu_40203_p2  |         +|   0|  0|  16|          16|          16|
    |add_ln58_254_fu_40209_p2  |         +|   0|  0|  16|          16|          16|
    |add_ln58_255_fu_40215_p2  |         +|   0|  0|  16|          16|          16|
    |add_ln58_256_fu_36126_p2  |         +|   0|  0|  23|          16|          16|
    |add_ln58_257_fu_36132_p2  |         +|   0|  0|  16|          16|          16|
    |add_ln58_258_fu_36138_p2  |         +|   0|  0|  16|          16|          16|
    |add_ln58_259_fu_36144_p2  |         +|   0|  0|  16|          16|          16|
    |add_ln58_25_fu_35850_p2   |         +|   0|  0|  16|          16|          16|
    |add_ln58_260_fu_36150_p2  |         +|   0|  0|  16|          16|          16|
    |add_ln58_261_fu_37859_p2  |         +|   0|  0|  23|          16|          16|
    |add_ln58_262_fu_37865_p2  |         +|   0|  0|  16|          16|          16|
    |add_ln58_263_fu_37870_p2  |         +|   0|  0|  16|          16|          16|
    |add_ln58_264_fu_37876_p2  |         +|   0|  0|  16|          16|          16|
    |add_ln58_265_fu_37882_p2  |         +|   0|  0|  16|          16|          16|
    |add_ln58_266_fu_40221_p2  |         +|   0|  0|  16|          16|          16|
    |add_ln58_267_fu_37888_p2  |         +|   0|  0|  16|          16|          16|
    |add_ln58_268_fu_37894_p2  |         +|   0|  0|  16|          16|          16|
    |add_ln58_269_fu_39539_p2  |         +|   0|  0|  16|          16|          16|
    |add_ln58_26_fu_37475_p2   |         +|   0|  0|  23|          16|          16|
    |add_ln58_270_fu_39545_p2  |         +|   0|  0|  16|          16|          16|
    |add_ln58_271_fu_40225_p2  |         +|   0|  0|  16|          16|          16|
    |add_ln58_272_fu_39551_p2  |         +|   0|  0|  23|          16|          16|
    |add_ln58_273_fu_40229_p2  |         +|   0|  0|  16|          16|          16|
    |add_ln58_274_fu_40234_p2  |         +|   0|  0|  16|          16|          16|
    |add_ln58_275_fu_40239_p2  |         +|   0|  0|  21|          14|           3|
    |add_ln58_276_fu_40249_p2  |         +|   0|  0|  16|          16|          16|
    |add_ln58_277_fu_40255_p2  |         +|   0|  0|  16|          16|          16|
    |add_ln58_278_fu_40261_p2  |         +|   0|  0|  16|          16|          16|
    |add_ln58_279_fu_40267_p2  |         +|   0|  0|  16|          16|          16|
    |add_ln58_27_fu_37481_p2   |         +|   0|  0|  16|          16|          16|
    |add_ln58_280_fu_36156_p2  |         +|   0|  0|  23|          16|          16|
    |add_ln58_281_fu_36162_p2  |         +|   0|  0|  16|          16|          16|
    |add_ln58_282_fu_36168_p2  |         +|   0|  0|  16|          16|          16|
    |add_ln58_283_fu_36174_p2  |         +|   0|  0|  16|          16|          16|
    |add_ln58_284_fu_36180_p2  |         +|   0|  0|  16|          16|          16|
    |add_ln58_285_fu_37900_p2  |         +|   0|  0|  23|          16|          16|
    |add_ln58_286_fu_37906_p2  |         +|   0|  0|  16|          16|          16|
    |add_ln58_287_fu_37912_p2  |         +|   0|  0|  16|          16|          16|
    |add_ln58_288_fu_37918_p2  |         +|   0|  0|  16|          16|          16|
    |add_ln58_289_fu_37924_p2  |         +|   0|  0|  16|          16|          16|
    |add_ln58_28_fu_37487_p2   |         +|   0|  0|  16|          16|          16|
    |add_ln58_290_fu_40273_p2  |         +|   0|  0|  16|          16|          16|
    |add_ln58_291_fu_39557_p2  |         +|   0|  0|  16|          16|          16|
    |add_ln58_292_fu_39563_p2  |         +|   0|  0|  16|          16|          16|
    |add_ln58_293_fu_39569_p2  |         +|   0|  0|  16|          16|          16|
    |add_ln58_294_fu_39575_p2  |         +|   0|  0|  16|          16|          16|
    |add_ln58_295_fu_40277_p2  |         +|   0|  0|  16|          16|          16|
    |add_ln58_296_fu_39581_p2  |         +|   0|  0|  23|          16|          16|
    |add_ln58_297_fu_40281_p2  |         +|   0|  0|  16|          16|          16|
    |add_ln58_298_fu_40286_p2  |         +|   0|  0|  16|          16|          16|
    |add_ln58_299_fu_40292_p2  |         +|   0|  0|  23|          16|           2|
    |add_ln58_29_fu_37493_p2   |         +|   0|  0|  16|          16|          16|
    |add_ln58_300_fu_40298_p2  |         +|   0|  0|  16|          16|          16|
    |add_ln58_301_fu_40304_p2  |         +|   0|  0|  16|          16|          16|
    |add_ln58_302_fu_40310_p2  |         +|   0|  0|  16|          16|          16|
    |add_ln58_303_fu_40316_p2  |         +|   0|  0|  16|          16|          16|
    |add_ln58_30_fu_37499_p2   |         +|   0|  0|  16|          16|          16|
    |add_ln58_31_fu_39842_p2   |         +|   0|  0|  16|          16|          16|
    |add_ln58_32_fu_39222_p2   |         +|   0|  0|  16|          16|          16|
    |add_ln58_33_fu_39228_p2   |         +|   0|  0|  16|          16|          16|
    |add_ln58_34_fu_39234_p2   |         +|   0|  0|  16|          16|          16|
    |add_ln58_35_fu_39240_p2   |         +|   0|  0|  16|          16|          16|
    |add_ln58_36_fu_39846_p2   |         +|   0|  0|  16|          16|          16|
    |add_ln58_37_fu_39246_p2   |         +|   0|  0|  23|          16|          16|
    |add_ln58_38_fu_39850_p2   |         +|   0|  0|  16|          16|          16|
    |add_ln58_39_fu_39854_p2   |         +|   0|  0|  16|          16|          16|
    |add_ln58_40_fu_39860_p2   |         +|   0|  0|  16|          16|          16|
    |add_ln58_41_fu_39866_p2   |         +|   0|  0|  16|          16|          16|
    |add_ln58_42_fu_39872_p2   |         +|   0|  0|  16|          16|          16|
    |add_ln58_43_fu_39878_p2   |         +|   0|  0|  16|          16|          16|
    |add_ln58_44_fu_35856_p2   |         +|   0|  0|  23|          16|          16|
    |add_ln58_45_fu_35862_p2   |         +|   0|  0|  16|          16|          16|
    |add_ln58_46_fu_35868_p2   |         +|   0|  0|  16|          16|          16|
    |add_ln58_47_fu_35874_p2   |         +|   0|  0|  16|          16|          16|
    |add_ln58_48_fu_35880_p2   |         +|   0|  0|  16|          16|          16|
    |add_ln58_49_fu_37505_p2   |         +|   0|  0|  22|          15|          15|
    |add_ln58_50_fu_37515_p2   |         +|   0|  0|  16|          16|          16|
    |add_ln58_51_fu_37520_p2   |         +|   0|  0|  16|          16|          16|
    |add_ln58_52_fu_37526_p2   |         +|   0|  0|  16|          16|          16|
    |add_ln58_53_fu_37532_p2   |         +|   0|  0|  16|          16|          16|
    |add_ln58_54_fu_39884_p2   |         +|   0|  0|  16|          16|          16|
    |add_ln58_55_fu_37538_p2   |         +|   0|  0|  16|          16|          16|
    |add_ln58_56_fu_37544_p2   |         +|   0|  0|  16|          16|          16|
    |add_ln58_57_fu_39252_p2   |         +|   0|  0|  16|          16|          16|
    |add_ln58_58_fu_39258_p2   |         +|   0|  0|  16|          16|          16|
    |add_ln58_59_fu_39888_p2   |         +|   0|  0|  16|          16|          16|
    |add_ln58_60_fu_39264_p2   |         +|   0|  0|  23|          16|          16|
    |add_ln58_61_fu_39892_p2   |         +|   0|  0|  16|          16|          16|
    |add_ln58_62_fu_39897_p2   |         +|   0|  0|  16|          16|          16|
    |add_ln58_63_fu_39903_p2   |         +|   0|  0|  23|          16|           4|
    |add_ln58_64_fu_39909_p2   |         +|   0|  0|  16|          16|          16|
    |add_ln58_65_fu_39915_p2   |         +|   0|  0|  16|          16|          16|
    |add_ln58_66_fu_39921_p2   |         +|   0|  0|  16|          16|          16|
    |add_ln58_67_fu_39927_p2   |         +|   0|  0|  16|          16|          16|
    |add_ln58_68_fu_35886_p2   |         +|   0|  0|  23|          16|          16|
    |add_ln58_69_fu_35892_p2   |         +|   0|  0|  16|          16|          16|
    |add_ln58_70_fu_35898_p2   |         +|   0|  0|  16|          16|          16|
    |add_ln58_71_fu_35904_p2   |         +|   0|  0|  16|          16|          16|
    |add_ln58_72_fu_35910_p2   |         +|   0|  0|  16|          16|          16|
    |add_ln58_73_fu_37550_p2   |         +|   0|  0|  23|          16|          16|
    |add_ln58_74_fu_37556_p2   |         +|   0|  0|  16|          16|          16|
    |add_ln58_75_fu_37561_p2   |         +|   0|  0|  16|          16|          16|
    |add_ln58_76_fu_37567_p2   |         +|   0|  0|  16|          16|          16|
    |add_ln58_77_fu_37573_p2   |         +|   0|  0|  16|          16|          16|
    |add_ln58_78_fu_39270_p2   |         +|   0|  0|  16|          16|          16|
    |add_ln58_79_fu_39274_p2   |         +|   0|  0|  21|          14|          14|
    |add_ln58_80_fu_39284_p2   |         +|   0|  0|  23|          16|          16|
    |add_ln58_81_fu_39289_p2   |         +|   0|  0|  16|          16|          16|
    |add_ln58_82_fu_39295_p2   |         +|   0|  0|  16|          16|          16|
    |add_ln58_83_fu_39301_p2   |         +|   0|  0|  16|          16|          16|
    |add_ln58_84_fu_39307_p2   |         +|   0|  0|  23|          16|          16|
    |add_ln58_85_fu_39313_p2   |         +|   0|  0|  16|          16|          16|
    |add_ln58_86_fu_39319_p2   |         +|   0|  0|  16|          16|          16|
    |add_ln58_87_fu_39325_p2   |         +|   0|  0|  16|          16|          16|
    |add_ln58_88_fu_39331_p2   |         +|   0|  0|  16|          16|          16|
    |add_ln58_89_fu_39337_p2   |         +|   0|  0|  16|          16|          16|
    |add_ln58_90_fu_39343_p2   |         +|   0|  0|  16|          16|          16|
    |add_ln58_91_fu_35916_p2   |         +|   0|  0|  23|          16|          16|
    |add_ln58_92_fu_35922_p2   |         +|   0|  0|  16|          16|          16|
    |add_ln58_93_fu_35928_p2   |         +|   0|  0|  16|          16|          16|
    |add_ln58_94_fu_35934_p2   |         +|   0|  0|  16|          16|          16|
    |add_ln58_95_fu_35940_p2   |         +|   0|  0|  16|          16|          16|
    |add_ln58_96_fu_37579_p2   |         +|   0|  0|  23|          16|          16|
    |add_ln58_97_fu_37585_p2   |         +|   0|  0|  16|          16|          16|
    |add_ln58_98_fu_37591_p2   |         +|   0|  0|  16|          16|          16|
    |add_ln58_99_fu_37597_p2   |         +|   0|  0|  16|          16|          16|
    |add_ln58_fu_35826_p2      |         +|   0|  0|  23|          16|          16|
    |add_ln73_10_fu_38278_p2   |         +|   0|  0|  31|          24|          24|
    |add_ln73_11_fu_39058_p2   |         +|   0|  0|  30|          23|          23|
    |add_ln73_12_fu_39679_p2   |         +|   0|  0|  27|          20|          20|
    |add_ln73_3_fu_35114_p2    |         +|   0|  0|  32|          25|          25|
    |add_ln73_4_fu_35182_p2    |         +|   0|  0|  27|          20|          20|
    |add_ln73_5_fu_35442_p2    |         +|   0|  0|  32|          25|          25|
    |add_ln73_6_fu_35534_p2    |         +|   0|  0|  28|          21|          21|
    |add_ln73_7_fu_36303_p2    |         +|   0|  0|  27|          20|          20|
    |add_ln73_8_fu_37070_p2    |         +|   0|  0|  27|          20|          20|
    |add_ln73_9_fu_37357_p2    |         +|   0|  0|  30|          23|          23|
    |add_ln73_fu_34988_p2      |         +|   0|  0|  29|          22|          22|
    |sub_ln73_10_fu_36200_p2   |         -|   0|  0|  29|          22|          22|
    |sub_ln73_11_fu_36231_p2   |         -|   0|  0|  24|           1|          24|
    |sub_ln73_12_fu_36248_p2   |         -|   0|  0|  24|          24|          24|
    |sub_ln73_13_fu_36343_p2   |         -|   0|  0|  26|           1|          19|
    |sub_ln73_14_fu_36737_p2   |         -|   0|  0|  32|          25|          25|
    |sub_ln73_15_fu_36870_p2   |         -|   0|  0|  27|          20|          20|
    |sub_ln73_16_fu_36906_p2   |         -|   0|  0|  24|           1|          24|
    |sub_ln73_17_fu_36924_p2   |         -|   0|  0|  24|          24|          24|
    |sub_ln73_18_fu_36966_p2   |         -|   0|  0|  19|           1|          19|
    |sub_ln73_19_fu_36972_p2   |         -|   0|  0|  19|          19|          19|
    |sub_ln73_1_fu_34855_p2    |         -|   0|  0|  32|          25|          25|
    |sub_ln73_20_fu_37140_p2   |         -|   0|  0|  33|          26|          26|
    |sub_ln73_21_fu_37186_p2   |         -|   0|  0|  22|           1|          22|
    |sub_ln73_22_fu_37192_p2   |         -|   0|  0|  22|          22|          22|
    |sub_ln73_23_fu_37224_p2   |         -|   0|  0|  25|           1|          25|
    |sub_ln73_24_fu_37230_p2   |         -|   0|  0|  25|          25|          25|
    |sub_ln73_25_fu_37389_p2   |         -|   0|  0|  29|          22|          22|
    |sub_ln73_26_fu_37455_p2   |         -|   0|  0|  32|          25|          25|
    |sub_ln73_27_fu_38031_p2   |         -|   0|  0|  31|          24|          24|
    |sub_ln73_28_fu_38184_p2   |         -|   0|  0|  27|          20|          20|
    |sub_ln73_29_fu_38230_p2   |         -|   0|  0|  32|          25|          25|
    |sub_ln73_2_fu_34891_p2    |         -|   0|  0|  29|          22|          22|
    |sub_ln73_30_fu_38359_p2   |         -|   0|  0|  29|          22|          22|
    |sub_ln73_31_fu_38407_p2   |         -|   0|  0|  28|          21|          21|
    |sub_ln73_32_fu_38471_p2   |         -|   0|  0|  29|          22|          22|
    |sub_ln73_33_fu_38517_p2   |         -|   0|  0|  25|           1|          25|
    |sub_ln73_34_fu_38539_p2   |         -|   0|  0|  25|          25|          25|
    |sub_ln73_35_fu_38559_p2   |         -|   0|  0|  30|          23|          23|
    |sub_ln73_36_fu_38674_p2   |         -|   0|  0|  32|          25|          25|
    |sub_ln73_37_fu_38785_p2   |         -|   0|  0|  31|          24|          24|
    |sub_ln73_38_fu_38881_p2   |         -|   0|  0|  31|          24|          24|
    |sub_ln73_39_fu_39648_p2   |         -|   0|  0|  31|           1|          24|
    |sub_ln73_3_fu_35349_p2    |         -|   0|  0|  29|          22|          22|
    |sub_ln73_40_fu_39106_p2   |         -|   0|  0|  22|           1|          22|
    |sub_ln73_41_fu_39112_p2   |         -|   0|  0|  22|          22|          22|
    |sub_ln73_42_fu_39156_p2   |         -|   0|  0|  33|          26|          26|
    |sub_ln73_43_fu_39184_p2   |         -|   0|  0|  25|           1|          25|
    |sub_ln73_44_fu_39202_p2   |         -|   0|  0|  25|          25|          25|
    |sub_ln73_45_fu_35494_p2   |         -|   0|  0|  32|          25|          25|
    |sub_ln73_46_fu_37317_p2   |         -|   0|  0|  27|          20|          20|
    |sub_ln73_47_fu_39728_p2   |         -|   0|  0|  32|          25|          25|
    |sub_ln73_4_fu_35514_p2    |         -|   0|  0|  32|          25|          25|
    |sub_ln73_5_fu_35554_p2    |         -|   0|  0|  25|           1|          25|
    |sub_ln73_6_fu_35560_p2    |         -|   0|  0|  25|          25|          25|
    |sub_ln73_7_fu_35642_p2    |         -|   0|  0|  27|           1|          20|
    |sub_ln73_8_fu_35696_p2    |         -|   0|  0|  21|           1|          21|
    |sub_ln73_9_fu_35714_p2    |         -|   0|  0|  21|          21|          21|
    |sub_ln73_fu_37086_p2      |         -|   0|  0|  24|           1|          17|
    +--------------------------+----------+----+---+----+------------+------------+
    |Total                     |          |   0|  0|6479|        5565|        5775|
    +--------------------------+----------+----+---+----+------------+------------+

    * Multiplexer: 
    +---------------+----+-----------+-----+-----------+
    |      Name     | LUT| Input Size| Bits| Total Bits|
    +---------------+----+-----------+-----+-----------+
    |ap_NS_fsm      |  26|          5|    1|          5|
    |grp_fu_720_p0  |  20|          4|   16|         64|
    |grp_fu_720_p1  |  20|          4|   10|         40|
    |grp_fu_721_p0  |  26|          5|   16|         80|
    |grp_fu_721_p1  |  20|          4|   11|         44|
    |grp_fu_722_p0  |  20|          4|   16|         64|
    |grp_fu_722_p1  |  20|          4|    8|         32|
    |grp_fu_723_p0  |  20|          4|   16|         64|
    |grp_fu_723_p1  |  20|          4|   10|         40|
    |grp_fu_724_p0  |  20|          4|   16|         64|
    |grp_fu_724_p1  |  20|          4|   10|         40|
    |grp_fu_725_p0  |  26|          5|   16|         80|
    |grp_fu_725_p1  |  20|          4|    9|         36|
    |grp_fu_726_p0  |  20|          4|   16|         64|
    |grp_fu_726_p1  |  20|          4|   11|         44|
    |grp_fu_727_p0  |  20|          4|   16|         64|
    |grp_fu_727_p1  |  20|          4|   11|         44|
    |grp_fu_728_p0  |  20|          4|   16|         64|
    |grp_fu_728_p1  |  20|          4|   11|         44|
    |grp_fu_729_p0  |  20|          4|   16|         64|
    |grp_fu_729_p1  |  20|          4|   11|         44|
    |grp_fu_730_p0  |  20|          4|   16|         64|
    |grp_fu_730_p1  |  20|          4|   11|         44|
    |grp_fu_731_p0  |  20|          4|   16|         64|
    |grp_fu_731_p1  |  20|          4|   10|         40|
    |grp_fu_732_p0  |  20|          4|   16|         64|
    |grp_fu_732_p1  |  20|          4|   11|         44|
    |grp_fu_733_p0  |  20|          4|   16|         64|
    |grp_fu_733_p1  |  20|          4|   10|         40|
    |grp_fu_734_p0  |  20|          4|   16|         64|
    |grp_fu_734_p1  |  20|          4|   11|         44|
    |grp_fu_735_p0  |  26|          5|   16|         80|
    |grp_fu_735_p1  |  20|          4|   10|         40|
    |grp_fu_736_p0  |  20|          4|   16|         64|
    |grp_fu_736_p1  |  20|          4|   11|         44|
    |grp_fu_737_p0  |  20|          4|   16|         64|
    |grp_fu_737_p1  |  20|          4|   11|         44|
    |grp_fu_738_p0  |  20|          4|   16|         64|
    |grp_fu_738_p1  |  14|          3|   11|         33|
    |grp_fu_739_p0  |  26|          5|   16|         80|
    |grp_fu_739_p1  |  20|          4|   10|         40|
    |grp_fu_740_p0  |  20|          4|   16|         64|
    |grp_fu_740_p1  |  20|          4|   10|         40|
    |grp_fu_741_p0  |  20|          4|   16|         64|
    |grp_fu_741_p1  |  20|          4|   11|         44|
    |grp_fu_742_p0  |  26|          5|   16|         80|
    |grp_fu_742_p1  |  20|          4|   10|         40|
    |grp_fu_743_p0  |  20|          4|   16|         64|
    |grp_fu_743_p1  |  20|          4|   11|         44|
    |grp_fu_744_p0  |  20|          4|   16|         64|
    |grp_fu_744_p1  |  20|          4|    9|         36|
    |grp_fu_745_p0  |  20|          4|   16|         64|
    |grp_fu_745_p1  |  20|          4|   11|         44|
    |grp_fu_746_p0  |  20|          4|   16|         64|
    |grp_fu_746_p1  |  20|          4|   10|         40|
    |grp_fu_747_p0  |  26|          5|   16|         80|
    |grp_fu_747_p1  |  20|          4|   10|         40|
    |grp_fu_748_p0  |  20|          4|   16|         64|
    |grp_fu_748_p1  |  20|          4|   10|         40|
    |grp_fu_749_p0  |  20|          4|   16|         64|
    |grp_fu_749_p1  |  20|          4|   11|         44|
    |grp_fu_750_p0  |  20|          4|   16|         64|
    |grp_fu_750_p1  |  14|          3|   11|         33|
    |grp_fu_751_p0  |  20|          4|   16|         64|
    |grp_fu_751_p1  |  20|          4|   10|         40|
    |grp_fu_752_p0  |  20|          4|   16|         64|
    |grp_fu_752_p1  |  20|          4|    9|         36|
    |grp_fu_753_p0  |  26|          5|   16|         80|
    |grp_fu_753_p1  |  20|          4|   10|         40|
    |grp_fu_754_p0  |  26|          5|   16|         80|
    |grp_fu_754_p1  |  20|          4|   10|         40|
    |grp_fu_755_p0  |  20|          4|   16|         64|
    |grp_fu_755_p1  |  20|          4|   11|         44|
    |grp_fu_756_p0  |  20|          4|   16|         64|
    |grp_fu_756_p1  |  20|          4|   10|         40|
    |grp_fu_757_p0  |  20|          4|   16|         64|
    |grp_fu_757_p1  |  20|          4|   10|         40|
    |grp_fu_758_p0  |  20|          4|   16|         64|
    |grp_fu_758_p1  |  20|          4|   10|         40|
    |grp_fu_759_p0  |  20|          4|   16|         64|
    |grp_fu_759_p1  |  20|          4|   10|         40|
    |grp_fu_760_p0  |  20|          4|   16|         64|
    |grp_fu_760_p1  |  20|          4|   11|         44|
    |grp_fu_761_p0  |  20|          4|   16|         64|
    |grp_fu_761_p1  |  20|          4|   11|         44|
    |grp_fu_762_p0  |  26|          5|   16|         80|
    |grp_fu_762_p1  |  20|          4|   11|         44|
    |grp_fu_763_p0  |  26|          5|   16|         80|
    |grp_fu_763_p1  |  20|          4|    9|         36|
    |grp_fu_764_p0  |  20|          4|   16|         64|
    |grp_fu_764_p1  |  20|          4|   11|         44|
    |grp_fu_765_p0  |  20|          4|   16|         64|
    |grp_fu_765_p1  |  20|          4|   10|         40|
    |grp_fu_766_p0  |  20|          4|   16|         64|
    |grp_fu_766_p1  |  20|          4|   11|         44|
    |grp_fu_767_p0  |  20|          4|   16|         64|
    |grp_fu_767_p1  |  20|          4|   10|         40|
    |grp_fu_768_p0  |  20|          4|   16|         64|
    |grp_fu_768_p1  |  20|          4|   11|         44|
    |grp_fu_769_p0  |  20|          4|   16|         64|
    |grp_fu_769_p1  |  20|          4|   10|         40|
    |grp_fu_770_p0  |  20|          4|   16|         64|
    |grp_fu_770_p1  |  20|          4|   11|         44|
    |grp_fu_771_p0  |  20|          4|   16|         64|
    |grp_fu_771_p1  |  20|          4|   11|         44|
    |grp_fu_772_p0  |  20|          4|   16|         64|
    |grp_fu_772_p1  |  20|          4|   10|         40|
    |grp_fu_773_p0  |  20|          4|   16|         64|
    |grp_fu_773_p1  |  20|          4|   10|         40|
    |grp_fu_774_p0  |  20|          4|   16|         64|
    |grp_fu_774_p1  |  20|          4|   11|         44|
    |grp_fu_775_p0  |  26|          5|   16|         80|
    |grp_fu_775_p1  |  20|          4|   11|         44|
    |grp_fu_776_p0  |  20|          4|   16|         64|
    |grp_fu_776_p1  |  20|          4|   11|         44|
    |grp_fu_777_p0  |  20|          4|   16|         64|
    |grp_fu_777_p1  |  14|          3|    9|         27|
    |grp_fu_778_p0  |  20|          4|   16|         64|
    |grp_fu_778_p1  |  20|          4|   10|         40|
    |grp_fu_779_p0  |  26|          5|   16|         80|
    |grp_fu_779_p1  |  20|          4|   11|         44|
    |grp_fu_780_p0  |  26|          5|   16|         80|
    |grp_fu_780_p1  |  20|          4|    9|         36|
    |grp_fu_781_p0  |  20|          4|   16|         64|
    |grp_fu_781_p1  |  20|          4|   10|         40|
    |grp_fu_782_p0  |  20|          4|   16|         64|
    |grp_fu_782_p1  |  20|          4|   10|         40|
    |grp_fu_783_p0  |  20|          4|   16|         64|
    |grp_fu_783_p1  |  20|          4|    9|         36|
    |grp_fu_784_p0  |  20|          4|   16|         64|
    |grp_fu_784_p1  |  20|          4|   11|         44|
    |grp_fu_785_p0  |  20|          4|   16|         64|
    |grp_fu_785_p1  |  20|          4|   11|         44|
    |grp_fu_786_p0  |  26|          5|   16|         80|
    |grp_fu_786_p1  |  20|          4|   11|         44|
    |grp_fu_787_p0  |  20|          4|   16|         64|
    |grp_fu_787_p1  |  20|          4|   10|         40|
    |grp_fu_788_p0  |  20|          4|   16|         64|
    |grp_fu_788_p1  |  14|          3|   10|         30|
    |grp_fu_789_p0  |  20|          4|   16|         64|
    |grp_fu_789_p1  |  20|          4|   11|         44|
    |grp_fu_790_p0  |  26|          5|   16|         80|
    |grp_fu_790_p1  |  20|          4|   10|         40|
    |grp_fu_791_p0  |  26|          5|   16|         80|
    |grp_fu_791_p1  |  20|          4|   11|         44|
    +---------------+----+-----------+-----+-----------+
    |Total          |2978|        593| 1898|       7808|
    +---------------+----+-----------+-----+-----------+

    * Register: 
    +----------------------------+----+----+-----+-----------+
    |            Name            | FF | LUT| Bits| Const Bits|
    +----------------------------+----+----+-----+-----------+
    |add_ln58_100_reg_40600      |  16|   0|   16|          0|
    |add_ln58_103_reg_40819      |  16|   0|   16|          0|
    |add_ln58_105_reg_40824      |  16|   0|   16|          0|
    |add_ln58_107_reg_40829      |  16|   0|   16|          0|
    |add_ln58_119_reg_40500      |  16|   0|   16|          0|
    |add_ln58_124_reg_40605      |  16|   0|   16|          0|
    |add_ln58_127_reg_40610      |  16|   0|   16|          0|
    |add_ln58_129_reg_40834      |  16|   0|   16|          0|
    |add_ln58_131_reg_40839      |  16|   0|   16|          0|
    |add_ln58_143_reg_40505      |  16|   0|   16|          0|
    |add_ln58_148_reg_40615      |  16|   0|   16|          0|
    |add_ln58_151_reg_40620      |  16|   0|   16|          0|
    |add_ln58_153_reg_40844      |  16|   0|   16|          0|
    |add_ln58_155_reg_40849      |  16|   0|   16|          0|
    |add_ln58_167_reg_40510      |  16|   0|   16|          0|
    |add_ln58_172_reg_40625      |  16|   0|   16|          0|
    |add_ln58_175_reg_40630      |  16|   0|   16|          0|
    |add_ln58_177_reg_40854      |  16|   0|   16|          0|
    |add_ln58_179_reg_40859      |  16|   0|   16|          0|
    |add_ln58_190_reg_40515      |  16|   0|   16|          0|
    |add_ln58_195_reg_40635      |  16|   0|   16|          0|
    |add_ln58_198_reg_40640      |  16|   0|   16|          0|
    |add_ln58_208_reg_40864      |  16|   0|   16|          0|
    |add_ln58_213_reg_40520      |  16|   0|   16|          0|
    |add_ln58_218_reg_40645      |  16|   0|   16|          0|
    |add_ln58_221_reg_40650      |  16|   0|   16|          0|
    |add_ln58_223_reg_40869      |  16|   0|   16|          0|
    |add_ln58_225_reg_40874      |  15|   0|   15|          0|
    |add_ln58_237_reg_40525      |  16|   0|   16|          0|
    |add_ln58_242_reg_40655      |  16|   0|   16|          0|
    |add_ln58_245_reg_40660      |  16|   0|   16|          0|
    |add_ln58_247_reg_40879      |  16|   0|   16|          0|
    |add_ln58_249_reg_40884      |  16|   0|   16|          0|
    |add_ln58_25_reg_40480       |  16|   0|   16|          0|
    |add_ln58_260_reg_40530      |  16|   0|   16|          0|
    |add_ln58_265_reg_40665      |  16|   0|   16|          0|
    |add_ln58_268_reg_40670      |  16|   0|   16|          0|
    |add_ln58_270_reg_40889      |  16|   0|   16|          0|
    |add_ln58_272_reg_40894      |  16|   0|   16|          0|
    |add_ln58_284_reg_40535      |  16|   0|   16|          0|
    |add_ln58_289_reg_40675      |  16|   0|   16|          0|
    |add_ln58_292_reg_40899      |  16|   0|   16|          0|
    |add_ln58_294_reg_40904      |  16|   0|   16|          0|
    |add_ln58_296_reg_40909      |  16|   0|   16|          0|
    |add_ln58_30_reg_40580       |  16|   0|   16|          0|
    |add_ln58_33_reg_40789       |  16|   0|   16|          0|
    |add_ln58_35_reg_40794       |  16|   0|   16|          0|
    |add_ln58_37_reg_40799       |  16|   0|   16|          0|
    |add_ln58_48_reg_40485       |  16|   0|   16|          0|
    |add_ln58_53_reg_40585       |  16|   0|   16|          0|
    |add_ln58_56_reg_40590       |  16|   0|   16|          0|
    |add_ln58_58_reg_40804       |  16|   0|   16|          0|
    |add_ln58_60_reg_40809       |  16|   0|   16|          0|
    |add_ln58_72_reg_40490       |  16|   0|   16|          0|
    |add_ln58_77_reg_40595       |  16|   0|   16|          0|
    |add_ln58_90_reg_40814       |  16|   0|   16|          0|
    |add_ln58_95_reg_40495       |  16|   0|   16|          0|
    |ap_CS_fsm                   |   4|   0|    4|          0|
    |ap_port_reg_data_10_val     |  16|   0|   16|          0|
    |ap_port_reg_data_11_val     |  16|   0|   16|          0|
    |ap_port_reg_data_12_val     |  16|   0|   16|          0|
    |ap_port_reg_data_13_val     |  16|   0|   16|          0|
    |ap_port_reg_data_14_val     |  16|   0|   16|          0|
    |ap_port_reg_data_15_val     |  16|   0|   16|          0|
    |ap_port_reg_data_16_val     |  16|   0|   16|          0|
    |ap_port_reg_data_17_val     |  16|   0|   16|          0|
    |ap_port_reg_data_18_val     |  16|   0|   16|          0|
    |ap_port_reg_data_19_val     |  16|   0|   16|          0|
    |ap_port_reg_data_20_val     |  16|   0|   16|          0|
    |ap_port_reg_data_21_val     |  16|   0|   16|          0|
    |ap_port_reg_data_22_val     |  16|   0|   16|          0|
    |ap_port_reg_data_23_val     |  16|   0|   16|          0|
    |ap_port_reg_data_8_val      |  16|   0|   16|          0|
    |ap_port_reg_data_9_val      |  16|   0|   16|          0|
    |data_22_val_read_reg_40688  |  16|   0|   16|          0|
    |data_23_val_read_reg_40680  |  16|   0|   16|          0|
    |data_6_val_read_reg_40399   |  16|   0|   16|          0|
    |data_7_val_read_reg_40392   |  16|   0|   16|          0|
    |mult_144_reg_40540          |  16|   0|   16|          0|
    |mult_153_reg_40545          |  14|   0|   14|          0|
    |mult_154_reg_40550          |  10|   0|   10|          0|
    |mult_156_reg_40555          |   8|   0|    8|          0|
    |mult_157_reg_40560          |  16|   0|   16|          0|
    |mult_168_reg_40570          |  10|   0|   10|          0|
    |mult_169_reg_40575          |  13|   0|   13|          0|
    |mult_214_reg_40698          |  15|   0|   15|          0|
    |mult_218_reg_40703          |  13|   0|   13|          0|
    |mult_219_reg_40708          |  16|   0|   16|          0|
    |mult_221_reg_40713          |  15|   0|   15|          0|
    |mult_222_reg_40718          |  16|   0|   16|          0|
    |mult_223_reg_40723          |  13|   0|   13|          0|
    |mult_224_reg_40728          |  15|   0|   15|          0|
    |mult_225_reg_40733          |  16|   0|   16|          0|
    |mult_228_reg_40738          |  15|   0|   15|          0|
    |mult_250_reg_40743          |  15|   0|   15|          0|
    |mult_253_reg_40748          |  16|   0|   16|          0|
    |mult_254_reg_40753          |  16|   0|   16|          0|
    |mult_255_reg_40758          |  13|   0|   13|          0|
    |mult_257_reg_40763          |  15|   0|   15|          0|
    |mult_258_reg_40768          |  16|   0|   16|          0|
    |mult_259_reg_40773          |  16|   0|   16|          0|
    |mult_264_reg_40784          |  16|   0|   16|          0|
    |mult_73_reg_40412           |  16|   0|   16|          0|
    |mult_74_reg_40417           |  16|   0|   16|          0|
    |mult_75_reg_40422           |  12|   0|   12|          0|
    |mult_79_reg_40427           |  16|   0|   16|          0|
    |mult_80_reg_40433           |  14|   0|   14|          0|
    |mult_83_reg_40450           |  13|   0|   13|          0|
    |mult_84_reg_40455           |  14|   0|   14|          0|
    |mult_86_reg_40460           |  15|   0|   15|          0|
    |mult_87_reg_40465           |  16|   0|   16|          0|
    |mult_88_reg_40470           |  15|   0|   15|          0|
    |mult_89_reg_40475           |  15|   0|   15|          0|
    |mult_reg_40407              |   6|   0|    6|          0|
    |reg_34788                   |  16|   0|   16|          0|
    |reg_34792                   |  15|   0|   15|          0|
    |reg_34796                   |  16|   0|   16|          0|
    |sext_ln70_36_reg_40438      |  26|   0|   26|          0|
    |sext_ln70_37_reg_40445      |  25|   0|   25|          0|
    |sext_ln70_66_reg_40565      |  25|   0|   25|          0|
    |sext_ln70_99_reg_40778      |  26|   0|   26|          0|
    +----------------------------+----+----+-----+-----------+
    |Total                       |1896|   0| 1896|          0|
    +----------------------------+----+----+-----+-----------+



================================================================
== Interface
================================================================
* Summary: 
+--------------+-----+-----+------------+----------------------------------------------------------------------------+--------------+
|   RTL Ports  | Dir | Bits|  Protocol  |                                Source Object                               |    C Type    |
+--------------+-----+-----+------------+----------------------------------------------------------------------------+--------------+
|ap_clk        |   in|    1|  ap_ctrl_hs|  dense_latency<ap_fixed<16, 6, 5, 3, 0>, ap_fixed<16, 6, 5, 3, 0>, config4>|  return value|
|ap_rst        |   in|    1|  ap_ctrl_hs|  dense_latency<ap_fixed<16, 6, 5, 3, 0>, ap_fixed<16, 6, 5, 3, 0>, config4>|  return value|
|ap_start      |   in|    1|  ap_ctrl_hs|  dense_latency<ap_fixed<16, 6, 5, 3, 0>, ap_fixed<16, 6, 5, 3, 0>, config4>|  return value|
|ap_done       |  out|    1|  ap_ctrl_hs|  dense_latency<ap_fixed<16, 6, 5, 3, 0>, ap_fixed<16, 6, 5, 3, 0>, config4>|  return value|
|ap_idle       |  out|    1|  ap_ctrl_hs|  dense_latency<ap_fixed<16, 6, 5, 3, 0>, ap_fixed<16, 6, 5, 3, 0>, config4>|  return value|
|ap_ready      |  out|    1|  ap_ctrl_hs|  dense_latency<ap_fixed<16, 6, 5, 3, 0>, ap_fixed<16, 6, 5, 3, 0>, config4>|  return value|
|ap_return_0   |  out|   16|  ap_ctrl_hs|  dense_latency<ap_fixed<16, 6, 5, 3, 0>, ap_fixed<16, 6, 5, 3, 0>, config4>|  return value|
|ap_return_1   |  out|   16|  ap_ctrl_hs|  dense_latency<ap_fixed<16, 6, 5, 3, 0>, ap_fixed<16, 6, 5, 3, 0>, config4>|  return value|
|ap_return_2   |  out|   16|  ap_ctrl_hs|  dense_latency<ap_fixed<16, 6, 5, 3, 0>, ap_fixed<16, 6, 5, 3, 0>, config4>|  return value|
|ap_return_3   |  out|   16|  ap_ctrl_hs|  dense_latency<ap_fixed<16, 6, 5, 3, 0>, ap_fixed<16, 6, 5, 3, 0>, config4>|  return value|
|ap_return_4   |  out|   16|  ap_ctrl_hs|  dense_latency<ap_fixed<16, 6, 5, 3, 0>, ap_fixed<16, 6, 5, 3, 0>, config4>|  return value|
|ap_return_5   |  out|   16|  ap_ctrl_hs|  dense_latency<ap_fixed<16, 6, 5, 3, 0>, ap_fixed<16, 6, 5, 3, 0>, config4>|  return value|
|ap_return_6   |  out|   16|  ap_ctrl_hs|  dense_latency<ap_fixed<16, 6, 5, 3, 0>, ap_fixed<16, 6, 5, 3, 0>, config4>|  return value|
|ap_return_7   |  out|   16|  ap_ctrl_hs|  dense_latency<ap_fixed<16, 6, 5, 3, 0>, ap_fixed<16, 6, 5, 3, 0>, config4>|  return value|
|ap_return_8   |  out|   16|  ap_ctrl_hs|  dense_latency<ap_fixed<16, 6, 5, 3, 0>, ap_fixed<16, 6, 5, 3, 0>, config4>|  return value|
|ap_return_9   |  out|   16|  ap_ctrl_hs|  dense_latency<ap_fixed<16, 6, 5, 3, 0>, ap_fixed<16, 6, 5, 3, 0>, config4>|  return value|
|ap_return_10  |  out|   16|  ap_ctrl_hs|  dense_latency<ap_fixed<16, 6, 5, 3, 0>, ap_fixed<16, 6, 5, 3, 0>, config4>|  return value|
|ap_return_11  |  out|   16|  ap_ctrl_hs|  dense_latency<ap_fixed<16, 6, 5, 3, 0>, ap_fixed<16, 6, 5, 3, 0>, config4>|  return value|
|ap_ce         |   in|    1|  ap_ctrl_hs|  dense_latency<ap_fixed<16, 6, 5, 3, 0>, ap_fixed<16, 6, 5, 3, 0>, config4>|  return value|
|data_0_val    |   in|   16|     ap_none|                                                                  data_0_val|        scalar|
|data_1_val    |   in|   16|     ap_none|                                                                  data_1_val|        scalar|
|data_2_val    |   in|   16|     ap_none|                                                                  data_2_val|        scalar|
|data_3_val    |   in|   16|     ap_none|                                                                  data_3_val|        scalar|
|data_4_val    |   in|   16|     ap_none|                                                                  data_4_val|        scalar|
|data_5_val    |   in|   16|     ap_none|                                                                  data_5_val|        scalar|
|data_6_val    |   in|   16|     ap_none|                                                                  data_6_val|        scalar|
|data_7_val    |   in|   16|     ap_none|                                                                  data_7_val|        scalar|
|data_8_val    |   in|   16|     ap_none|                                                                  data_8_val|        scalar|
|data_9_val    |   in|   16|     ap_none|                                                                  data_9_val|        scalar|
|data_10_val   |   in|   16|     ap_none|                                                                 data_10_val|        scalar|
|data_11_val   |   in|   16|     ap_none|                                                                 data_11_val|        scalar|
|data_12_val   |   in|   16|     ap_none|                                                                 data_12_val|        scalar|
|data_13_val   |   in|   16|     ap_none|                                                                 data_13_val|        scalar|
|data_14_val   |   in|   16|     ap_none|                                                                 data_14_val|        scalar|
|data_15_val   |   in|   16|     ap_none|                                                                 data_15_val|        scalar|
|data_16_val   |   in|   16|     ap_none|                                                                 data_16_val|        scalar|
|data_17_val   |   in|   16|     ap_none|                                                                 data_17_val|        scalar|
|data_18_val   |   in|   16|     ap_none|                                                                 data_18_val|        scalar|
|data_19_val   |   in|   16|     ap_none|                                                                 data_19_val|        scalar|
|data_20_val   |   in|   16|     ap_none|                                                                 data_20_val|        scalar|
|data_21_val   |   in|   16|     ap_none|                                                                 data_21_val|        scalar|
|data_22_val   |   in|   16|     ap_none|                                                                 data_22_val|        scalar|
|data_23_val   |   in|   16|     ap_none|                                                                 data_23_val|        scalar|
+--------------+-----+-----+------------+----------------------------------------------------------------------------+--------------+

