

================================================================
== Vitis HLS Report for 'dense_latency_ap_fixed_16_6_5_3_0_ap_fixed_16_6_5_3_0_config2_s'
================================================================
* Date:           Wed Aug  6 12:30:39 2025

* Version:        2023.2 (Build 4023990 on Oct 11 2023)
* Project:        hls_simple_obds_synthesis
* Solution:       solution1 (Vivado IP Flow Target)
* Product family: virtexuplus
* Target device:  xcu250-figd2104-2L-e


================================================================
== Performance Estimates
================================================================
+ Timing: 
    * Summary: 
    +--------+----------+----------+------------+
    |  Clock |  Target  | Estimated| Uncertainty|
    +--------+----------+----------+------------+
    |ap_clk  |  10.00 ns|  5.515 ns|     2.70 ns|
    +--------+----------+----------+------------+

+ Latency: 
    * Summary: 
    +---------+---------+-----------+-----------+-----+-----+---------+
    |  Latency (cycles) |   Latency (absolute)  |  Interval | Pipeline|
    |   min   |   max   |    min    |    max    | min | max |   Type  |
    +---------+---------+-----------+-----------+-----+-----+---------+
    |        3|        3|  30.000 ns|  30.000 ns|    4|    4|      yes|
    +---------+---------+-----------+-----------+-----+-----+---------+

    + Detail: 
        * Instance: 
        N/A

        * Loop: 
        N/A



================================================================
== Utilization Estimates
================================================================
* Summary: 
+---------------------+---------+-------+---------+---------+------+
|         Name        | BRAM_18K|  DSP  |    FF   |   LUT   | URAM |
+---------------------+---------+-------+---------+---------+------+
|DSP                  |        -|      -|        -|        -|     -|
|Expression           |        -|      -|        0|     8624|     -|
|FIFO                 |        -|      -|        -|        -|     -|
|Instance             |        -|     96|        0|      480|     -|
|Memory               |        -|      -|        -|        -|     -|
|Multiplexer          |        -|      -|        -|     3888|     -|
|Register             |        -|      -|     2865|        -|     -|
+---------------------+---------+-------+---------+---------+------+
|Total                |        0|     96|     2865|    12992|     0|
+---------------------+---------+-------+---------+---------+------+
|Available SLR        |     1344|   3072|   864000|   432000|   320|
+---------------------+---------+-------+---------+---------+------+
|Utilization SLR (%)  |        0|      3|       ~0|        3|     0|
+---------------------+---------+-------+---------+---------+------+
|Available            |     5376|  12288|  3456000|  1728000|  1280|
+---------------------+---------+-------+---------+---------+------+
|Utilization (%)      |        0|     ~0|       ~0|       ~0|     0|
+---------------------+---------+-------+---------+---------+------+

+ Detail: 
    * Instance: 
    +-------------------------+---------------------+---------+----+---+----+-----+
    |         Instance        |        Module       | BRAM_18K| DSP| FF| LUT| URAM|
    +-------------------------+---------------------+---------+----+---+----+-----+
    |mul_16s_10ns_26_1_1_U3   |mul_16s_10ns_26_1_1  |        0|   1|  0|   5|    0|
    |mul_16s_10ns_26_1_1_U6   |mul_16s_10ns_26_1_1  |        0|   1|  0|   5|    0|
    |mul_16s_10ns_26_1_1_U8   |mul_16s_10ns_26_1_1  |        0|   1|  0|   5|    0|
    |mul_16s_10ns_26_1_1_U9   |mul_16s_10ns_26_1_1  |        0|   1|  0|   5|    0|
    |mul_16s_10ns_26_1_1_U34  |mul_16s_10ns_26_1_1  |        0|   1|  0|   5|    0|
    |mul_16s_10ns_26_1_1_U36  |mul_16s_10ns_26_1_1  |        0|   1|  0|   5|    0|
    |mul_16s_10ns_26_1_1_U47  |mul_16s_10ns_26_1_1  |        0|   1|  0|   5|    0|
    |mul_16s_10ns_26_1_1_U49  |mul_16s_10ns_26_1_1  |        0|   1|  0|   5|    0|
    |mul_16s_10ns_26_1_1_U64  |mul_16s_10ns_26_1_1  |        0|   1|  0|   5|    0|
    |mul_16s_10ns_26_1_1_U71  |mul_16s_10ns_26_1_1  |        0|   1|  0|   5|    0|
    |mul_16s_10ns_26_1_1_U86  |mul_16s_10ns_26_1_1  |        0|   1|  0|   5|    0|
    |mul_16s_10ns_26_1_1_U90  |mul_16s_10ns_26_1_1  |        0|   1|  0|   5|    0|
    |mul_16s_10s_25_1_1_U7    |mul_16s_10s_25_1_1   |        0|   1|  0|   5|    0|
    |mul_16s_10s_25_1_1_U20   |mul_16s_10s_25_1_1   |        0|   1|  0|   5|    0|
    |mul_16s_10s_25_1_1_U28   |mul_16s_10s_25_1_1   |        0|   1|  0|   5|    0|
    |mul_16s_10s_25_1_1_U30   |mul_16s_10s_25_1_1   |        0|   1|  0|   5|    0|
    |mul_16s_10s_25_1_1_U35   |mul_16s_10s_25_1_1   |        0|   1|  0|   5|    0|
    |mul_16s_10s_25_1_1_U39   |mul_16s_10s_25_1_1   |        0|   1|  0|   5|    0|
    |mul_16s_10s_25_1_1_U50   |mul_16s_10s_25_1_1   |        0|   1|  0|   5|    0|
    |mul_16s_10s_25_1_1_U67   |mul_16s_10s_25_1_1   |        0|   1|  0|   5|    0|
    |mul_16s_10s_25_1_1_U75   |mul_16s_10s_25_1_1   |        0|   1|  0|   5|    0|
    |mul_16s_10s_25_1_1_U77   |mul_16s_10s_25_1_1   |        0|   1|  0|   5|    0|
    |mul_16s_10s_25_1_1_U83   |mul_16s_10s_25_1_1   |        0|   1|  0|   5|    0|
    |mul_16s_10s_25_1_1_U96   |mul_16s_10s_25_1_1   |        0|   1|  0|   5|    0|
    |mul_16s_10s_26_1_1_U1    |mul_16s_10s_26_1_1   |        0|   1|  0|   5|    0|
    |mul_16s_10s_26_1_1_U4    |mul_16s_10s_26_1_1   |        0|   1|  0|   5|    0|
    |mul_16s_10s_26_1_1_U5    |mul_16s_10s_26_1_1   |        0|   1|  0|   5|    0|
    |mul_16s_10s_26_1_1_U11   |mul_16s_10s_26_1_1   |        0|   1|  0|   5|    0|
    |mul_16s_10s_26_1_1_U14   |mul_16s_10s_26_1_1   |        0|   1|  0|   5|    0|
    |mul_16s_10s_26_1_1_U17   |mul_16s_10s_26_1_1   |        0|   1|  0|   5|    0|
    |mul_16s_10s_26_1_1_U18   |mul_16s_10s_26_1_1   |        0|   1|  0|   5|    0|
    |mul_16s_10s_26_1_1_U19   |mul_16s_10s_26_1_1   |        0|   1|  0|   5|    0|
    |mul_16s_10s_26_1_1_U22   |mul_16s_10s_26_1_1   |        0|   1|  0|   5|    0|
    |mul_16s_10s_26_1_1_U24   |mul_16s_10s_26_1_1   |        0|   1|  0|   5|    0|
    |mul_16s_10s_26_1_1_U25   |mul_16s_10s_26_1_1   |        0|   1|  0|   5|    0|
    |mul_16s_10s_26_1_1_U29   |mul_16s_10s_26_1_1   |        0|   1|  0|   5|    0|
    |mul_16s_10s_26_1_1_U42   |mul_16s_10s_26_1_1   |        0|   1|  0|   5|    0|
    |mul_16s_10s_26_1_1_U43   |mul_16s_10s_26_1_1   |        0|   1|  0|   5|    0|
    |mul_16s_10s_26_1_1_U46   |mul_16s_10s_26_1_1   |        0|   1|  0|   5|    0|
    |mul_16s_10s_26_1_1_U48   |mul_16s_10s_26_1_1   |        0|   1|  0|   5|    0|
    |mul_16s_10s_26_1_1_U54   |mul_16s_10s_26_1_1   |        0|   1|  0|   5|    0|
    |mul_16s_10s_26_1_1_U55   |mul_16s_10s_26_1_1   |        0|   1|  0|   5|    0|
    |mul_16s_10s_26_1_1_U58   |mul_16s_10s_26_1_1   |        0|   1|  0|   5|    0|
    |mul_16s_10s_26_1_1_U60   |mul_16s_10s_26_1_1   |        0|   1|  0|   5|    0|
    |mul_16s_10s_26_1_1_U62   |mul_16s_10s_26_1_1   |        0|   1|  0|   5|    0|
    |mul_16s_10s_26_1_1_U63   |mul_16s_10s_26_1_1   |        0|   1|  0|   5|    0|
    |mul_16s_10s_26_1_1_U76   |mul_16s_10s_26_1_1   |        0|   1|  0|   5|    0|
    |mul_16s_10s_26_1_1_U80   |mul_16s_10s_26_1_1   |        0|   1|  0|   5|    0|
    |mul_16s_10s_26_1_1_U84   |mul_16s_10s_26_1_1   |        0|   1|  0|   5|    0|
    |mul_16s_10s_26_1_1_U85   |mul_16s_10s_26_1_1   |        0|   1|  0|   5|    0|
    |mul_16s_10s_26_1_1_U87   |mul_16s_10s_26_1_1   |        0|   1|  0|   5|    0|
    |mul_16s_10s_26_1_1_U89   |mul_16s_10s_26_1_1   |        0|   1|  0|   5|    0|
    |mul_16s_10s_26_1_1_U91   |mul_16s_10s_26_1_1   |        0|   1|  0|   5|    0|
    |mul_16s_10s_26_1_1_U92   |mul_16s_10s_26_1_1   |        0|   1|  0|   5|    0|
    |mul_16s_10s_26_1_1_U93   |mul_16s_10s_26_1_1   |        0|   1|  0|   5|    0|
    |mul_16s_10s_26_1_1_U94   |mul_16s_10s_26_1_1   |        0|   1|  0|   5|    0|
    |mul_16s_11s_26_1_1_U2    |mul_16s_11s_26_1_1   |        0|   1|  0|   5|    0|
    |mul_16s_11s_26_1_1_U12   |mul_16s_11s_26_1_1   |        0|   1|  0|   5|    0|
    |mul_16s_11s_26_1_1_U13   |mul_16s_11s_26_1_1   |        0|   1|  0|   5|    0|
    |mul_16s_11s_26_1_1_U15   |mul_16s_11s_26_1_1   |        0|   1|  0|   5|    0|
    |mul_16s_11s_26_1_1_U16   |mul_16s_11s_26_1_1   |        0|   1|  0|   5|    0|
    |mul_16s_11s_26_1_1_U21   |mul_16s_11s_26_1_1   |        0|   1|  0|   5|    0|
    |mul_16s_11s_26_1_1_U23   |mul_16s_11s_26_1_1   |        0|   1|  0|   5|    0|
    |mul_16s_11s_26_1_1_U27   |mul_16s_11s_26_1_1   |        0|   1|  0|   5|    0|
    |mul_16s_11s_26_1_1_U31   |mul_16s_11s_26_1_1   |        0|   1|  0|   5|    0|
    |mul_16s_11s_26_1_1_U32   |mul_16s_11s_26_1_1   |        0|   1|  0|   5|    0|
    |mul_16s_11s_26_1_1_U33   |mul_16s_11s_26_1_1   |        0|   1|  0|   5|    0|
    |mul_16s_11s_26_1_1_U41   |mul_16s_11s_26_1_1   |        0|   1|  0|   5|    0|
    |mul_16s_11s_26_1_1_U44   |mul_16s_11s_26_1_1   |        0|   1|  0|   5|    0|
    |mul_16s_11s_26_1_1_U45   |mul_16s_11s_26_1_1   |        0|   1|  0|   5|    0|
    |mul_16s_11s_26_1_1_U51   |mul_16s_11s_26_1_1   |        0|   1|  0|   5|    0|
    |mul_16s_11s_26_1_1_U52   |mul_16s_11s_26_1_1   |        0|   1|  0|   5|    0|
    |mul_16s_11s_26_1_1_U53   |mul_16s_11s_26_1_1   |        0|   1|  0|   5|    0|
    |mul_16s_11s_26_1_1_U56   |mul_16s_11s_26_1_1   |        0|   1|  0|   5|    0|
    |mul_16s_11s_26_1_1_U57   |mul_16s_11s_26_1_1   |        0|   1|  0|   5|    0|
    |mul_16s_11s_26_1_1_U59   |mul_16s_11s_26_1_1   |        0|   1|  0|   5|    0|
    |mul_16s_11s_26_1_1_U65   |mul_16s_11s_26_1_1   |        0|   1|  0|   5|    0|
    |mul_16s_11s_26_1_1_U66   |mul_16s_11s_26_1_1   |        0|   1|  0|   5|    0|
    |mul_16s_11s_26_1_1_U68   |mul_16s_11s_26_1_1   |        0|   1|  0|   5|    0|
    |mul_16s_11s_26_1_1_U69   |mul_16s_11s_26_1_1   |        0|   1|  0|   5|    0|
    |mul_16s_11s_26_1_1_U74   |mul_16s_11s_26_1_1   |        0|   1|  0|   5|    0|
    |mul_16s_11s_26_1_1_U78   |mul_16s_11s_26_1_1   |        0|   1|  0|   5|    0|
    |mul_16s_11s_26_1_1_U81   |mul_16s_11s_26_1_1   |        0|   1|  0|   5|    0|
    |mul_16s_11s_26_1_1_U82   |mul_16s_11s_26_1_1   |        0|   1|  0|   5|    0|
    |mul_16s_11s_26_1_1_U88   |mul_16s_11s_26_1_1   |        0|   1|  0|   5|    0|
    |mul_16s_9ns_25_1_1_U26   |mul_16s_9ns_25_1_1   |        0|   1|  0|   5|    0|
    |mul_16s_9ns_25_1_1_U40   |mul_16s_9ns_25_1_1   |        0|   1|  0|   5|    0|
    |mul_16s_9ns_25_1_1_U72   |mul_16s_9ns_25_1_1   |        0|   1|  0|   5|    0|
    |mul_16s_9ns_25_1_1_U79   |mul_16s_9ns_25_1_1   |        0|   1|  0|   5|    0|
    |mul_16s_9ns_25_1_1_U95   |mul_16s_9ns_25_1_1   |        0|   1|  0|   5|    0|
    |mul_16s_9s_25_1_1_U10    |mul_16s_9s_25_1_1    |        0|   1|  0|   5|    0|
    |mul_16s_9s_25_1_1_U37    |mul_16s_9s_25_1_1    |        0|   1|  0|   5|    0|
    |mul_16s_9s_25_1_1_U38    |mul_16s_9s_25_1_1    |        0|   1|  0|   5|    0|
    |mul_16s_9s_25_1_1_U61    |mul_16s_9s_25_1_1    |        0|   1|  0|   5|    0|
    |mul_16s_9s_25_1_1_U70    |mul_16s_9s_25_1_1    |        0|   1|  0|   5|    0|
    |mul_16s_9s_25_1_1_U73    |mul_16s_9s_25_1_1    |        0|   1|  0|   5|    0|
    +-------------------------+---------------------+---------+----+---+----+-----+
    |Total                    |                     |        0|  96|  0| 480|    0|
    +-------------------------+---------------------+---------+----+---+----+-----+

    * DSP: 
    N/A

    * Memory: 
    N/A

    * FIFO: 
    N/A

    * Expression: 
    +--------------------------+----------+----+---+----+------------+------------+
    |       Variable Name      | Operation| DSP| FF| LUT| Bitwidth P0| Bitwidth P1|
    +--------------------------+----------+----+---+----+------------+------------+
    |add_ln58_304_fu_62466_p2  |         +|   0|  0|  23|          16|          16|
    |add_ln58_305_fu_62472_p2  |         +|   0|  0|  16|          16|          16|
    |add_ln58_306_fu_64168_p2  |         +|   0|  0|  16|          16|          16|
    |add_ln58_307_fu_64173_p2  |         +|   0|  0|  23|          16|          16|
    |add_ln58_308_fu_64179_p2  |         +|   0|  0|  16|          16|          16|
    |add_ln58_309_fu_66937_p2  |         +|   0|  0|  16|          16|          16|
    |add_ln58_310_fu_66048_p2  |         +|   0|  0|  23|          16|          16|
    |add_ln58_311_fu_66054_p2  |         +|   0|  0|  23|          16|          16|
    |add_ln58_312_fu_66941_p2  |         +|   0|  0|  16|          16|          16|
    |add_ln58_313_fu_66945_p2  |         +|   0|  0|  16|          16|          16|
    |add_ln58_314_fu_66951_p2  |         +|   0|  0|  16|           9|           1|
    |add_ln58_315_fu_66961_p2  |         +|   0|  0|  22|          15|          15|
    |add_ln58_316_fu_66971_p2  |         +|   0|  0|  16|          16|          16|
    |add_ln58_317_fu_66977_p2  |         +|   0|  0|  16|          16|          16|
    |add_ln58_318_fu_66983_p2  |         +|   0|  0|  16|          16|          16|
    |add_ln58_319_fu_62478_p2  |         +|   0|  0|  16|          16|          16|
    |add_ln58_320_fu_62484_p2  |         +|   0|  0|  23|          16|          16|
    |add_ln58_321_fu_62490_p2  |         +|   0|  0|  16|          16|          16|
    |add_ln58_322_fu_64185_p2  |         +|   0|  0|  16|          16|          16|
    |add_ln58_323_fu_64190_p2  |         +|   0|  0|  23|          16|          16|
    |add_ln58_324_fu_64196_p2  |         +|   0|  0|  16|          16|          16|
    |add_ln58_325_fu_66060_p2  |         +|   0|  0|  16|          16|          16|
    |add_ln58_326_fu_66064_p2  |         +|   0|  0|  23|          16|          16|
    |add_ln58_327_fu_66070_p2  |         +|   0|  0|  23|          16|          16|
    |add_ln58_328_fu_66076_p2  |         +|   0|  0|  16|          16|          16|
    |add_ln58_329_fu_66082_p2  |         +|   0|  0|  16|          16|          16|
    |add_ln58_330_fu_62496_p2  |         +|   0|  0|  18|          11|           3|
    |add_ln58_331_fu_62506_p2  |         +|   0|  0|  20|          13|          13|
    |add_ln58_332_fu_66091_p2  |         +|   0|  0|  16|          16|          16|
    |add_ln58_333_fu_66097_p2  |         +|   0|  0|  16|          16|          16|
    |add_ln58_334_fu_66103_p2  |         +|   0|  0|  16|          16|          16|
    |add_ln58_335_fu_62512_p2  |         +|   0|  0|  16|          16|          16|
    |add_ln58_336_fu_62518_p2  |         +|   0|  0|  23|          16|          16|
    |add_ln58_337_fu_62524_p2  |         +|   0|  0|  16|          16|          16|
    |add_ln58_338_fu_64202_p2  |         +|   0|  0|  16|          16|          16|
    |add_ln58_339_fu_64208_p2  |         +|   0|  0|  21|          14|          14|
    |add_ln58_340_fu_64218_p2  |         +|   0|  0|  16|          16|          16|
    |add_ln58_341_fu_66989_p2  |         +|   0|  0|  16|          16|          16|
    |add_ln58_342_fu_66109_p2  |         +|   0|  0|  23|          16|          16|
    |add_ln58_343_fu_66115_p2  |         +|   0|  0|  23|          16|          16|
    |add_ln58_344_fu_66993_p2  |         +|   0|  0|  16|          16|          16|
    |add_ln58_345_fu_66997_p2  |         +|   0|  0|  16|          16|          16|
    |add_ln58_346_fu_67003_p2  |         +|   0|  0|  19|          12|           2|
    |add_ln58_347_fu_67013_p2  |         +|   0|  0|  23|          16|          16|
    |add_ln58_348_fu_67019_p2  |         +|   0|  0|  16|          16|          16|
    |add_ln58_349_fu_67025_p2  |         +|   0|  0|  16|          16|          16|
    |add_ln58_350_fu_67031_p2  |         +|   0|  0|  16|          16|          16|
    |add_ln58_351_fu_62530_p2  |         +|   0|  0|  16|          16|          16|
    |add_ln58_352_fu_62536_p2  |         +|   0|  0|  23|          16|          16|
    |add_ln58_353_fu_62542_p2  |         +|   0|  0|  16|          16|          16|
    |add_ln58_354_fu_64224_p2  |         +|   0|  0|  16|          16|          16|
    |add_ln58_355_fu_64229_p2  |         +|   0|  0|  23|          16|          16|
    |add_ln58_356_fu_64235_p2  |         +|   0|  0|  16|          16|          16|
    |add_ln58_357_fu_67037_p2  |         +|   0|  0|  16|          16|          16|
    |add_ln58_358_fu_66121_p2  |         +|   0|  0|  23|          16|          16|
    |add_ln58_359_fu_66127_p2  |         +|   0|  0|  23|          16|          16|
    |add_ln58_360_fu_67041_p2  |         +|   0|  0|  16|          16|          16|
    |add_ln58_361_fu_67045_p2  |         +|   0|  0|  16|          16|          16|
    |add_ln58_362_fu_67051_p2  |         +|   0|  0|  22|          15|           1|
    |add_ln58_363_fu_67061_p2  |         +|   0|  0|  23|          16|          16|
    |add_ln58_364_fu_67066_p2  |         +|   0|  0|  16|          16|          16|
    |add_ln58_365_fu_67072_p2  |         +|   0|  0|  16|          16|          16|
    |add_ln58_366_fu_67078_p2  |         +|   0|  0|  16|          16|          16|
    |add_ln58_367_fu_62548_p2  |         +|   0|  0|  16|          16|          16|
    |add_ln58_368_fu_62554_p2  |         +|   0|  0|  23|          16|          16|
    |add_ln58_369_fu_62560_p2  |         +|   0|  0|  16|          16|          16|
    |add_ln58_370_fu_64241_p2  |         +|   0|  0|  16|          16|          16|
    |add_ln58_371_fu_64247_p2  |         +|   0|  0|  23|          16|          16|
    |add_ln58_372_fu_64253_p2  |         +|   0|  0|  16|          16|          16|
    |add_ln58_373_fu_67084_p2  |         +|   0|  0|  16|          16|          16|
    |add_ln58_374_fu_64259_p2  |         +|   0|  0|  23|          16|          16|
    |add_ln58_375_fu_66133_p2  |         +|   0|  0|  23|          16|          16|
    |add_ln58_376_fu_67088_p2  |         +|   0|  0|  16|          16|          16|
    |add_ln58_377_fu_67092_p2  |         +|   0|  0|  16|          16|          16|
    |add_ln58_378_fu_67097_p2  |         +|   0|  0|  16|          16|           2|
    |add_ln58_379_fu_67103_p2  |         +|   0|  0|  16|          16|          16|
    |add_ln58_380_fu_67108_p2  |         +|   0|  0|  16|          16|          16|
    |add_ln58_381_fu_67114_p2  |         +|   0|  0|  16|          16|          16|
    |add_ln58_382_fu_67120_p2  |         +|   0|  0|  16|          16|          16|
    |add_ln58_383_fu_62566_p2  |         +|   0|  0|  16|          16|          16|
    |add_ln58_384_fu_62572_p2  |         +|   0|  0|  23|          16|          16|
    |add_ln58_385_fu_62578_p2  |         +|   0|  0|  16|          16|          16|
    |add_ln58_386_fu_64265_p2  |         +|   0|  0|  16|          16|          16|
    |add_ln58_387_fu_64271_p2  |         +|   0|  0|  23|          16|          16|
    |add_ln58_388_fu_64277_p2  |         +|   0|  0|  16|          16|          16|
    |add_ln58_389_fu_67126_p2  |         +|   0|  0|  16|          16|          16|
    |add_ln58_390_fu_64283_p2  |         +|   0|  0|  23|          16|          16|
    |add_ln58_391_fu_66139_p2  |         +|   0|  0|  23|          16|          16|
    |add_ln58_392_fu_67130_p2  |         +|   0|  0|  16|          16|          16|
    |add_ln58_393_fu_67134_p2  |         +|   0|  0|  16|          16|          16|
    |add_ln58_394_fu_67140_p2  |         +|   0|  0|  16|          16|           3|
    |add_ln58_395_fu_67146_p2  |         +|   0|  0|  16|          16|          16|
    |add_ln58_396_fu_67152_p2  |         +|   0|  0|  16|          16|          16|
    |add_ln58_397_fu_67158_p2  |         +|   0|  0|  16|          16|          16|
    |add_ln58_398_fu_67164_p2  |         +|   0|  0|  16|          16|          16|
    |add_ln58_399_fu_62584_p2  |         +|   0|  0|  16|          16|          16|
    |add_ln58_400_fu_62590_p2  |         +|   0|  0|  23|          16|          16|
    |add_ln58_401_fu_62596_p2  |         +|   0|  0|  16|          16|          16|
    |add_ln58_402_fu_64289_p2  |         +|   0|  0|  16|          16|          16|
    |add_ln58_403_fu_64294_p2  |         +|   0|  0|  23|          16|          16|
    |add_ln58_404_fu_64300_p2  |         +|   0|  0|  16|          16|          16|
    |add_ln58_405_fu_67170_p2  |         +|   0|  0|  16|          16|          16|
    |add_ln58_406_fu_64306_p2  |         +|   0|  0|  23|          16|          16|
    |add_ln58_407_fu_66145_p2  |         +|   0|  0|  23|          16|          16|
    |add_ln58_408_fu_67174_p2  |         +|   0|  0|  16|          16|          16|
    |add_ln58_409_fu_67178_p2  |         +|   0|  0|  16|          16|          16|
    |add_ln58_410_fu_67183_p2  |         +|   0|  0|  16|          16|           2|
    |add_ln58_411_fu_67189_p2  |         +|   0|  0|  16|          16|          16|
    |add_ln58_412_fu_67195_p2  |         +|   0|  0|  16|          16|          16|
    |add_ln58_413_fu_67201_p2  |         +|   0|  0|  16|          16|          16|
    |add_ln58_414_fu_67207_p2  |         +|   0|  0|  16|          16|          16|
    |add_ln58_415_fu_62602_p2  |         +|   0|  0|  16|          16|          16|
    |add_ln58_416_fu_62608_p2  |         +|   0|  0|  23|          16|          16|
    |add_ln58_417_fu_62614_p2  |         +|   0|  0|  16|          16|          16|
    |add_ln58_418_fu_64312_p2  |         +|   0|  0|  16|          16|          16|
    |add_ln58_419_fu_64318_p2  |         +|   0|  0|  23|          16|          16|
    |add_ln58_420_fu_64324_p2  |         +|   0|  0|  16|          16|          16|
    |add_ln58_421_fu_67213_p2  |         +|   0|  0|  16|          16|          16|
    |add_ln58_422_fu_66151_p2  |         +|   0|  0|  23|          16|          16|
    |add_ln58_423_fu_66157_p2  |         +|   0|  0|  23|          16|          16|
    |add_ln58_424_fu_67217_p2  |         +|   0|  0|  16|          16|          16|
    |add_ln58_425_fu_67221_p2  |         +|   0|  0|  16|          16|          16|
    |add_ln58_426_fu_67226_p2  |         +|   0|  0|  22|          15|           2|
    |add_ln58_427_fu_67236_p2  |         +|   0|  0|  23|          16|          16|
    |add_ln58_428_fu_67241_p2  |         +|   0|  0|  16|          16|          16|
    |add_ln58_429_fu_67247_p2  |         +|   0|  0|  16|          16|          16|
    |add_ln58_430_fu_67253_p2  |         +|   0|  0|  16|          16|          16|
    |add_ln58_431_fu_62620_p2  |         +|   0|  0|  16|          16|          16|
    |add_ln58_432_fu_62626_p2  |         +|   0|  0|  23|          16|          16|
    |add_ln58_433_fu_62632_p2  |         +|   0|  0|  16|          16|          16|
    |add_ln58_434_fu_64330_p2  |         +|   0|  0|  16|          16|          16|
    |add_ln58_435_fu_64335_p2  |         +|   0|  0|  23|          16|          16|
    |add_ln58_436_fu_64341_p2  |         +|   0|  0|  16|          16|          16|
    |add_ln58_437_fu_66163_p2  |         +|   0|  0|  16|          16|          16|
    |add_ln58_438_fu_64347_p2  |         +|   0|  0|  23|          16|          16|
    |add_ln58_439_fu_66167_p2  |         +|   0|  0|  23|          16|          16|
    |add_ln58_440_fu_66173_p2  |         +|   0|  0|  16|          16|          16|
    |add_ln58_441_fu_66178_p2  |         +|   0|  0|  16|          16|          16|
    |add_ln58_442_fu_66184_p2  |         +|   0|  0|  21|          14|           2|
    |add_ln58_443_fu_66194_p2  |         +|   0|  0|  23|          16|          16|
    |add_ln58_444_fu_66200_p2  |         +|   0|  0|  16|          16|          16|
    |add_ln58_445_fu_66206_p2  |         +|   0|  0|  16|          16|          16|
    |add_ln58_446_fu_66212_p2  |         +|   0|  0|  16|          16|          16|
    |add_ln58_447_fu_62638_p2  |         +|   0|  0|  16|          16|          16|
    |add_ln58_448_fu_62644_p2  |         +|   0|  0|  23|          16|          16|
    |add_ln58_449_fu_62650_p2  |         +|   0|  0|  16|          16|          16|
    |add_ln58_450_fu_64353_p2  |         +|   0|  0|  21|          14|          14|
    |add_ln58_451_fu_64363_p2  |         +|   0|  0|  16|          16|          16|
    |add_ln58_452_fu_64369_p2  |         +|   0|  0|  16|          16|          16|
    |add_ln58_453_fu_67259_p2  |         +|   0|  0|  16|          16|          16|
    |add_ln58_454_fu_66218_p2  |         +|   0|  0|  23|          16|          16|
    |add_ln58_455_fu_66224_p2  |         +|   0|  0|  23|          16|          16|
    |add_ln58_456_fu_67263_p2  |         +|   0|  0|  16|          16|          16|
    |add_ln58_457_fu_67267_p2  |         +|   0|  0|  16|          16|          16|
    |add_ln58_458_fu_67273_p2  |         +|   0|  0|  16|          16|           2|
    |add_ln58_459_fu_67279_p2  |         +|   0|  0|  16|          16|          16|
    |add_ln58_460_fu_67285_p2  |         +|   0|  0|  16|          16|          16|
    |add_ln58_461_fu_67291_p2  |         +|   0|  0|  16|          16|          16|
    |add_ln58_462_fu_67297_p2  |         +|   0|  0|  16|          16|          16|
    |add_ln58_463_fu_62656_p2  |         +|   0|  0|  16|          16|          16|
    |add_ln58_464_fu_62662_p2  |         +|   0|  0|  23|          16|          16|
    |add_ln58_465_fu_62668_p2  |         +|   0|  0|  16|          16|          16|
    |add_ln58_466_fu_64375_p2  |         +|   0|  0|  16|          16|          16|
    |add_ln58_467_fu_64381_p2  |         +|   0|  0|  23|          16|          16|
    |add_ln58_468_fu_64387_p2  |         +|   0|  0|  16|          16|          16|
    |add_ln58_469_fu_67303_p2  |         +|   0|  0|  16|          16|          16|
    |add_ln58_470_fu_66230_p2  |         +|   0|  0|  23|          16|          16|
    |add_ln58_471_fu_66236_p2  |         +|   0|  0|  23|          16|          16|
    |add_ln58_472_fu_67307_p2  |         +|   0|  0|  16|          16|          16|
    |add_ln58_473_fu_67311_p2  |         +|   0|  0|  16|          16|          16|
    |add_ln58_474_fu_67317_p2  |         +|   0|  0|  16|          16|           1|
    |add_ln58_475_fu_67323_p2  |         +|   0|  0|  16|          16|          16|
    |add_ln58_476_fu_67329_p2  |         +|   0|  0|  16|          16|          16|
    |add_ln58_477_fu_67335_p2  |         +|   0|  0|  16|          16|          16|
    |add_ln58_478_fu_67341_p2  |         +|   0|  0|  16|          16|          16|
    |add_ln58_479_fu_62674_p2  |         +|   0|  0|  16|          16|          16|
    |add_ln58_480_fu_62680_p2  |         +|   0|  0|  23|          16|          16|
    |add_ln58_481_fu_62686_p2  |         +|   0|  0|  16|          16|          16|
    |add_ln58_482_fu_64393_p2  |         +|   0|  0|  16|          16|          16|
    |add_ln58_483_fu_64398_p2  |         +|   0|  0|  23|          16|          16|
    |add_ln58_484_fu_64404_p2  |         +|   0|  0|  16|          16|          16|
    |add_ln58_485_fu_67347_p2  |         +|   0|  0|  16|          16|          16|
    |add_ln58_486_fu_64410_p2  |         +|   0|  0|  23|          16|          16|
    |add_ln58_487_fu_66242_p2  |         +|   0|  0|  23|          16|          16|
    |add_ln58_488_fu_67351_p2  |         +|   0|  0|  16|          16|          16|
    |add_ln58_489_fu_67355_p2  |         +|   0|  0|  16|          16|          16|
    |add_ln58_490_fu_67360_p2  |         +|   0|  0|  23|          16|          16|
    |add_ln58_491_fu_67366_p2  |         +|   0|  0|  16|          16|          16|
    |add_ln58_492_fu_67372_p2  |         +|   0|  0|  16|          16|          16|
    |add_ln58_493_fu_67378_p2  |         +|   0|  0|  16|          16|          16|
    |add_ln58_494_fu_62692_p2  |         +|   0|  0|  16|          16|          16|
    |add_ln58_495_fu_62698_p2  |         +|   0|  0|  23|          16|          16|
    |add_ln58_496_fu_62704_p2  |         +|   0|  0|  16|          16|          16|
    |add_ln58_497_fu_64416_p2  |         +|   0|  0|  16|          16|          16|
    |add_ln58_498_fu_64422_p2  |         +|   0|  0|  23|          16|          16|
    |add_ln58_499_fu_64428_p2  |         +|   0|  0|  16|          16|          16|
    |add_ln58_500_fu_67384_p2  |         +|   0|  0|  16|          16|          16|
    |add_ln58_501_fu_66248_p2  |         +|   0|  0|  23|          16|          16|
    |add_ln58_502_fu_66254_p2  |         +|   0|  0|  23|          16|          16|
    |add_ln58_503_fu_67388_p2  |         +|   0|  0|  16|          16|          16|
    |add_ln58_504_fu_67392_p2  |         +|   0|  0|  16|          16|          16|
    |add_ln58_505_fu_67398_p2  |         +|   0|  0|  14|           7|           3|
    |add_ln58_506_fu_67408_p2  |         +|   0|  0|  23|          16|          16|
    |add_ln58_507_fu_67414_p2  |         +|   0|  0|  16|          16|          16|
    |add_ln58_508_fu_67420_p2  |         +|   0|  0|  16|          16|          16|
    |add_ln58_509_fu_67426_p2  |         +|   0|  0|  16|          16|          16|
    |add_ln58_510_fu_62710_p2  |         +|   0|  0|  16|          16|          16|
    |add_ln58_511_fu_62716_p2  |         +|   0|  0|  23|          16|          16|
    |add_ln58_512_fu_62722_p2  |         +|   0|  0|  16|          16|          16|
    |add_ln58_513_fu_64434_p2  |         +|   0|  0|  16|          16|          16|
    |add_ln58_514_fu_64440_p2  |         +|   0|  0|  23|          16|          16|
    |add_ln58_515_fu_64446_p2  |         +|   0|  0|  16|          16|          16|
    |add_ln58_516_fu_66260_p2  |         +|   0|  0|  16|          16|          16|
    |add_ln58_517_fu_64452_p2  |         +|   0|  0|  23|          16|          16|
    |add_ln58_518_fu_66264_p2  |         +|   0|  0|  23|          16|          16|
    |add_ln58_519_fu_66270_p2  |         +|   0|  0|  16|          16|          16|
    |add_ln58_520_fu_66275_p2  |         +|   0|  0|  16|          16|          16|
    |add_ln58_521_fu_66281_p2  |         +|   0|  0|  14|           7|           1|
    |add_ln58_522_fu_66291_p2  |         +|   0|  0|  18|          11|          11|
    |add_ln58_523_fu_66301_p2  |         +|   0|  0|  16|          16|          16|
    |add_ln58_524_fu_66307_p2  |         +|   0|  0|  16|          16|          16|
    |add_ln58_525_fu_66313_p2  |         +|   0|  0|  16|          16|          16|
    |add_ln58_526_fu_62728_p2  |         +|   0|  0|  16|          16|          16|
    |add_ln58_527_fu_62734_p2  |         +|   0|  0|  23|          16|          16|
    |add_ln58_528_fu_62740_p2  |         +|   0|  0|  16|          16|          16|
    |add_ln58_529_fu_64458_p2  |         +|   0|  0|  16|          16|          16|
    |add_ln58_530_fu_64463_p2  |         +|   0|  0|  23|          16|          16|
    |add_ln58_531_fu_64469_p2  |         +|   0|  0|  16|          16|          16|
    |add_ln58_532_fu_67432_p2  |         +|   0|  0|  16|          16|          16|
    |add_ln58_533_fu_66319_p2  |         +|   0|  0|  22|          15|          15|
    |add_ln58_534_fu_66325_p2  |         +|   0|  0|  22|          15|          15|
    |add_ln58_535_fu_67442_p2  |         +|   0|  0|  16|          16|          16|
    |add_ln58_536_fu_67448_p2  |         +|   0|  0|  16|          16|          16|
    |add_ln58_537_fu_67454_p2  |         +|   0|  0|  23|          16|          16|
    |add_ln58_538_fu_67460_p2  |         +|   0|  0|  16|          16|          16|
    |add_ln58_539_fu_67466_p2  |         +|   0|  0|  16|          16|          16|
    |add_ln58_540_fu_67472_p2  |         +|   0|  0|  16|          16|          16|
    |add_ln58_541_fu_62746_p2  |         +|   0|  0|  16|          16|          16|
    |add_ln58_542_fu_62752_p2  |         +|   0|  0|  23|          16|          16|
    |add_ln58_543_fu_62758_p2  |         +|   0|  0|  16|          16|          16|
    |add_ln58_544_fu_64475_p2  |         +|   0|  0|  16|          16|          16|
    |add_ln58_545_fu_64481_p2  |         +|   0|  0|  23|          16|          16|
    |add_ln58_546_fu_64487_p2  |         +|   0|  0|  16|          16|          16|
    |add_ln58_547_fu_66331_p2  |         +|   0|  0|  16|          16|          16|
    |add_ln58_548_fu_64493_p2  |         +|   0|  0|  23|          16|          16|
    |add_ln58_549_fu_66335_p2  |         +|   0|  0|  22|          15|          15|
    |add_ln58_550_fu_66345_p2  |         +|   0|  0|  16|          16|          16|
    |add_ln58_551_fu_66350_p2  |         +|   0|  0|  16|          16|          16|
    |add_ln58_552_fu_66356_p2  |         +|   0|  0|  16|           9|           3|
    |add_ln58_553_fu_66366_p2  |         +|   0|  0|  23|          16|          16|
    |add_ln58_554_fu_66372_p2  |         +|   0|  0|  16|          16|          16|
    |add_ln58_555_fu_66378_p2  |         +|   0|  0|  16|          16|          16|
    |add_ln58_556_fu_66384_p2  |         +|   0|  0|  16|          16|          16|
    |add_ln58_557_fu_62764_p2  |         +|   0|  0|  16|          16|          16|
    |add_ln58_558_fu_62770_p2  |         +|   0|  0|  23|          16|          16|
    |add_ln58_559_fu_62776_p2  |         +|   0|  0|  16|          16|          16|
    |add_ln58_560_fu_64499_p2  |         +|   0|  0|  21|          14|          14|
    |add_ln58_561_fu_64509_p2  |         +|   0|  0|  16|          16|          16|
    |add_ln58_562_fu_64515_p2  |         +|   0|  0|  16|          16|          16|
    |add_ln58_563_fu_67478_p2  |         +|   0|  0|  16|          16|          16|
    |add_ln58_564_fu_64521_p2  |         +|   0|  0|  23|          16|          16|
    |add_ln58_565_fu_66390_p2  |         +|   0|  0|  22|          15|          15|
    |add_ln58_566_fu_67485_p2  |         +|   0|  0|  16|          16|          16|
    |add_ln58_567_fu_66396_p2  |         +|   0|  0|  22|          15|          15|
    |add_ln58_568_fu_67493_p2  |         +|   0|  0|  22|          15|           2|
    |add_ln58_569_fu_67503_p2  |         +|   0|  0|  16|          16|          16|
    |add_ln58_570_fu_67508_p2  |         +|   0|  0|  16|          16|          16|
    |add_ln58_571_fu_67514_p2  |         +|   0|  0|  16|          16|          16|
    |add_ln58_572_fu_67520_p2  |         +|   0|  0|  16|          16|          16|
    |add_ln58_573_fu_62782_p2  |         +|   0|  0|  16|          16|          16|
    |add_ln58_574_fu_62788_p2  |         +|   0|  0|  23|          16|          16|
    |add_ln58_575_fu_62794_p2  |         +|   0|  0|  16|          16|          16|
    |add_ln58_576_fu_64527_p2  |         +|   0|  0|  21|          14|          14|
    |add_ln58_577_fu_64537_p2  |         +|   0|  0|  22|          15|          15|
    |add_ln58_578_fu_64547_p2  |         +|   0|  0|  23|          16|          16|
    |add_ln58_579_fu_67526_p2  |         +|   0|  0|  16|          16|          16|
    |add_ln58_580_fu_64553_p2  |         +|   0|  0|  23|          16|          16|
    |add_ln58_581_fu_66402_p2  |         +|   0|  0|  23|          16|          16|
    |add_ln58_582_fu_67530_p2  |         +|   0|  0|  16|          16|          16|
    |add_ln58_583_fu_67534_p2  |         +|   0|  0|  22|          15|          15|
    |add_ln58_584_fu_67544_p2  |         +|   0|  0|  23|          16|           3|
    |add_ln58_585_fu_67550_p2  |         +|   0|  0|  16|          16|          16|
    |add_ln58_586_fu_67556_p2  |         +|   0|  0|  16|          16|          16|
    |add_ln58_587_fu_67562_p2  |         +|   0|  0|  16|          16|          16|
    |add_ln58_588_fu_67568_p2  |         +|   0|  0|  16|          16|          16|
    |add_ln58_589_fu_62800_p2  |         +|   0|  0|  16|          16|          16|
    |add_ln58_590_fu_62806_p2  |         +|   0|  0|  23|          16|          16|
    |add_ln58_591_fu_62812_p2  |         +|   0|  0|  16|          16|          16|
    |add_ln58_592_fu_64559_p2  |         +|   0|  0|  16|          16|          16|
    |add_ln58_593_fu_64565_p2  |         +|   0|  0|  23|          16|          16|
    |add_ln58_594_fu_64571_p2  |         +|   0|  0|  16|          16|          16|
    |add_ln58_595_fu_67574_p2  |         +|   0|  0|  16|          16|          16|
    |add_ln58_596_fu_66408_p2  |         +|   0|  0|  23|          16|          16|
    |add_ln58_597_fu_66414_p2  |         +|   0|  0|  23|          16|          16|
    |add_ln58_598_fu_67578_p2  |         +|   0|  0|  16|          16|          16|
    |add_ln58_599_fu_67582_p2  |         +|   0|  0|  16|          16|          16|
    |add_ln58_600_fu_67588_p2  |         +|   0|  0|  23|          16|          16|
    |add_ln58_601_fu_67594_p2  |         +|   0|  0|  16|          16|          16|
    |add_ln58_602_fu_67600_p2  |         +|   0|  0|  16|          16|          16|
    |add_ln58_603_fu_67606_p2  |         +|   0|  0|  16|          16|          16|
    |add_ln58_604_fu_62818_p2  |         +|   0|  0|  16|          16|          16|
    |add_ln58_605_fu_62824_p2  |         +|   0|  0|  23|          16|          16|
    |add_ln58_606_fu_62830_p2  |         +|   0|  0|  16|          16|          16|
    |add_ln58_607_fu_64577_p2  |         +|   0|  0|  16|          16|          16|
    |add_ln58_608_fu_64583_p2  |         +|   0|  0|  23|          16|          16|
    |add_ln58_609_fu_64589_p2  |         +|   0|  0|  16|          16|          16|
    |add_ln58_610_fu_67612_p2  |         +|   0|  0|  16|          16|          16|
    |add_ln58_611_fu_64595_p2  |         +|   0|  0|  22|          15|          15|
    |add_ln58_612_fu_66420_p2  |         +|   0|  0|  23|          16|          16|
    |add_ln58_613_fu_67619_p2  |         +|   0|  0|  16|          16|          16|
    |add_ln58_614_fu_67624_p2  |         +|   0|  0|  16|          16|          16|
    |add_ln58_615_fu_67629_p2  |         +|   0|  0|  16|          16|           3|
    |add_ln58_616_fu_67635_p2  |         +|   0|  0|  16|          16|          16|
    |add_ln58_617_fu_67641_p2  |         +|   0|  0|  16|          16|          16|
    |add_ln58_618_fu_67647_p2  |         +|   0|  0|  16|          16|          16|
    |add_ln58_619_fu_67653_p2  |         +|   0|  0|  16|          16|          16|
    |add_ln58_620_fu_64601_p2  |         +|   0|  0|  16|          16|          16|
    |add_ln58_621_fu_64606_p2  |         +|   0|  0|  23|          16|          16|
    |add_ln58_622_fu_64612_p2  |         +|   0|  0|  16|          16|          16|
    |add_ln58_623_fu_64618_p2  |         +|   0|  0|  22|          15|          15|
    |add_ln58_624_fu_64628_p2  |         +|   0|  0|  16|          16|          16|
    |add_ln58_625_fu_64634_p2  |         +|   0|  0|  16|          16|          16|
    |add_ln58_626_fu_67659_p2  |         +|   0|  0|  16|          16|          16|
    |add_ln58_627_fu_66426_p2  |         +|   0|  0|  23|          16|          16|
    |add_ln58_628_fu_66431_p2  |         +|   0|  0|  23|          16|          16|
    |add_ln58_629_fu_67663_p2  |         +|   0|  0|  16|          16|          16|
    |add_ln58_630_fu_67667_p2  |         +|   0|  0|  16|          16|          16|
    |add_ln58_631_fu_67673_p2  |         +|   0|  0|  19|          12|           3|
    |add_ln58_632_fu_67683_p2  |         +|   0|  0|  23|          16|          16|
    |add_ln58_633_fu_67689_p2  |         +|   0|  0|  16|          16|          16|
    |add_ln58_634_fu_67695_p2  |         +|   0|  0|  16|          16|          16|
    |add_ln58_635_fu_67701_p2  |         +|   0|  0|  16|          16|          16|
    |add_ln58_636_fu_62836_p2  |         +|   0|  0|  22|          15|          15|
    |add_ln58_637_fu_62846_p2  |         +|   0|  0|  16|          16|          16|
    |add_ln58_638_fu_62852_p2  |         +|   0|  0|  16|          16|          16|
    |add_ln58_639_fu_64640_p2  |         +|   0|  0|  16|          16|          16|
    |add_ln58_640_fu_64646_p2  |         +|   0|  0|  23|          16|          16|
    |add_ln58_641_fu_64652_p2  |         +|   0|  0|  16|          16|          16|
    |add_ln58_642_fu_67707_p2  |         +|   0|  0|  16|          16|          16|
    |add_ln58_643_fu_66437_p2  |         +|   0|  0|  23|          16|          16|
    |add_ln58_644_fu_66443_p2  |         +|   0|  0|  23|          16|          16|
    |add_ln58_645_fu_67711_p2  |         +|   0|  0|  16|          16|          16|
    |add_ln58_646_fu_67715_p2  |         +|   0|  0|  16|          16|          16|
    |add_ln58_647_fu_67721_p2  |         +|   0|  0|  16|          16|           2|
    |add_ln58_648_fu_67727_p2  |         +|   0|  0|  16|          16|          16|
    |add_ln58_649_fu_67733_p2  |         +|   0|  0|  16|          16|          16|
    |add_ln58_650_fu_67739_p2  |         +|   0|  0|  16|          16|          16|
    |add_ln58_651_fu_67745_p2  |         +|   0|  0|  16|          16|          16|
    |add_ln58_652_fu_62858_p2  |         +|   0|  0|  16|          16|          16|
    |add_ln58_653_fu_62864_p2  |         +|   0|  0|  23|          16|          16|
    |add_ln58_654_fu_62870_p2  |         +|   0|  0|  16|          16|          16|
    |add_ln58_655_fu_64658_p2  |         +|   0|  0|  16|          16|          16|
    |add_ln58_656_fu_64664_p2  |         +|   0|  0|  23|          16|          16|
    |add_ln58_657_fu_64670_p2  |         +|   0|  0|  16|          16|          16|
    |add_ln58_658_fu_67751_p2  |         +|   0|  0|  16|          16|          16|
    |add_ln58_659_fu_64676_p2  |         +|   0|  0|  23|          16|          16|
    |add_ln58_660_fu_66449_p2  |         +|   0|  0|  23|          16|          16|
    |add_ln58_661_fu_67755_p2  |         +|   0|  0|  16|          16|          16|
    |add_ln58_662_fu_67759_p2  |         +|   0|  0|  16|          16|          16|
    |add_ln58_663_fu_67765_p2  |         +|   0|  0|  16|          16|           3|
    |add_ln58_664_fu_67771_p2  |         +|   0|  0|  16|          16|          16|
    |add_ln58_665_fu_67777_p2  |         +|   0|  0|  16|          16|          16|
    |add_ln58_666_fu_67783_p2  |         +|   0|  0|  16|          16|          16|
    |add_ln58_667_fu_67789_p2  |         +|   0|  0|  16|          16|          16|
    |add_ln58_668_fu_62876_p2  |         +|   0|  0|  16|          16|          16|
    |add_ln58_669_fu_62882_p2  |         +|   0|  0|  23|          16|          16|
    |add_ln58_670_fu_62888_p2  |         +|   0|  0|  16|          16|          16|
    |add_ln58_671_fu_64682_p2  |         +|   0|  0|  16|          16|          16|
    |add_ln58_672_fu_64688_p2  |         +|   0|  0|  22|          15|          15|
    |add_ln58_673_fu_64698_p2  |         +|   0|  0|  16|          16|          16|
    |add_ln58_674_fu_67795_p2  |         +|   0|  0|  16|          16|          16|
    |add_ln58_675_fu_64704_p2  |         +|   0|  0|  23|          16|          16|
    |add_ln58_676_fu_66455_p2  |         +|   0|  0|  23|          16|          16|
    |add_ln58_677_fu_67799_p2  |         +|   0|  0|  16|          16|          16|
    |add_ln58_678_fu_67803_p2  |         +|   0|  0|  16|          16|          16|
    |add_ln58_679_fu_67808_p2  |         +|   0|  0|  23|          16|          16|
    |add_ln58_680_fu_67814_p2  |         +|   0|  0|  16|          16|          16|
    |add_ln58_681_fu_67820_p2  |         +|   0|  0|  16|          16|          16|
    |add_ln58_682_fu_67826_p2  |         +|   0|  0|  16|          16|          16|
    |add_ln58_fu_62460_p2      |         +|   0|  0|  16|          16|          16|
    |add_ln73_13_fu_62060_p2   |         +|   0|  0|  32|          25|          25|
    |add_ln73_14_fu_62932_p2   |         +|   0|  0|  32|          25|          25|
    |add_ln73_15_fu_63017_p2   |         +|   0|  0|  29|          22|          22|
    |add_ln73_16_fu_62231_p2   |         +|   0|  0|  31|          24|          24|
    |add_ln73_17_fu_63044_p2   |         +|   0|  0|  32|          25|          25|
    |add_ln73_18_fu_63300_p2   |         +|   0|  0|  30|          23|          23|
    |add_ln73_19_fu_63756_p2   |         +|   0|  0|  28|          21|          21|
    |add_ln73_20_fu_64871_p2   |         +|   0|  0|  32|          25|          25|
    |add_ln73_21_fu_65149_p2   |         +|   0|  0|  30|          23|          23|
    |add_ln73_22_fu_65466_p2   |         +|   0|  0|  27|          20|          20|
    |add_ln73_23_fu_65504_p2   |         +|   0|  0|  31|          24|          24|
    |add_ln73_24_fu_66633_p2   |         +|   0|  0|  31|          24|          24|
    |add_ln73_25_fu_66698_p2   |         +|   0|  0|  31|          24|          24|
    |add_ln73_26_fu_66753_p2   |         +|   0|  0|  27|          20|          20|
    |add_ln73_27_fu_66779_p2   |         +|   0|  0|  31|          24|          24|
    |add_ln73_28_fu_65991_p2   |         +|   0|  0|  29|          22|          22|
    |add_ln73_fu_61990_p2      |         +|   0|  0|  26|          19|          19|
    |sub_ln73_45_fu_61141_p2   |         -|   0|  0|  32|          25|          25|
    |sub_ln73_46_fu_61173_p2   |         -|   0|  0|  32|          25|          25|
    |sub_ln73_47_fu_61193_p2   |         -|   0|  0|  32|          25|          25|
    |sub_ln73_48_fu_61295_p2   |         -|   0|  0|  27|           1|          20|
    |sub_ln73_49_fu_61379_p2   |         -|   0|  0|  32|          25|          25|
    |sub_ln73_50_fu_61411_p2   |         -|   0|  0|  30|          23|          23|
    |sub_ln73_51_fu_61587_p2   |         -|   0|  0|  32|          25|          25|
    |sub_ln73_52_fu_61761_p2   |         -|   0|  0|  22|           1|          22|
    |sub_ln73_53_fu_61779_p2   |         -|   0|  0|  22|          22|          22|
    |sub_ln73_54_fu_61799_p2   |         -|   0|  0|  32|          25|          25|
    |sub_ln73_55_fu_61936_p2   |         -|   0|  0|  20|           1|          20|
    |sub_ln73_56_fu_61958_p2   |         -|   0|  0|  20|          20|          20|
    |sub_ln73_57_fu_62022_p2   |         -|   0|  0|  21|           1|          21|
    |sub_ln73_58_fu_62028_p2   |         -|   0|  0|  21|          21|          21|
    |sub_ln73_59_fu_63064_p2   |         -|   0|  0|  32|           1|          25|
    |sub_ln73_60_fu_63081_p2   |         -|   0|  0|  32|          25|          25|
    |sub_ln73_61_fu_63118_p2   |         -|   0|  0|  32|          25|          25|
    |sub_ln73_62_fu_63212_p2   |         -|   0|  0|  29|          22|          22|
    |sub_ln73_63_fu_63255_p2   |         -|   0|  0|  29|          22|          22|
    |sub_ln73_64_fu_63500_p2   |         -|   0|  0|  30|           1|          23|
    |sub_ln73_65_fu_63697_p2   |         -|   0|  0|  23|           1|          23|
    |sub_ln73_66_fu_63714_p2   |         -|   0|  0|  23|          23|          23|
    |sub_ln73_67_fu_63864_p2   |         -|   0|  0|  28|          21|          21|
    |sub_ln73_68_fu_64721_p2   |         -|   0|  0|  29|           1|          22|
    |sub_ln73_69_fu_64763_p2   |         -|   0|  0|  32|          25|          25|
    |sub_ln73_70_fu_64809_p2   |         -|   0|  0|  31|          24|          24|
    |sub_ln73_71_fu_64840_p2   |         -|   0|  0|  32|          25|          25|
    |sub_ln73_72_fu_64891_p2   |         -|   0|  0|  21|           1|          21|
    |sub_ln73_73_fu_64908_p2   |         -|   0|  0|  21|          21|          21|
    |sub_ln73_74_fu_64973_p2   |         -|   0|  0|  32|          25|          25|
    |sub_ln73_75_fu_65004_p2   |         -|   0|  0|  26|           1|          19|
    |sub_ln73_76_fu_65180_p2   |         -|   0|  0|  28|          21|          21|
    |sub_ln73_77_fu_65273_p2   |         -|   0|  0|  20|           1|          20|
    |sub_ln73_78_fu_65279_p2   |         -|   0|  0|  20|          20|          20|
    |sub_ln73_79_fu_65310_p2   |         -|   0|  0|  29|          22|          22|
    |sub_ln73_80_fu_65402_p2   |         -|   0|  0|  33|          26|          26|
    |sub_ln73_81_fu_65539_p2   |         -|   0|  0|  25|           1|          25|
    |sub_ln73_82_fu_65556_p2   |         -|   0|  0|  25|          25|          25|
    |sub_ln73_83_fu_66514_p2   |         -|   0|  0|  23|           1|          23|
    |sub_ln73_84_fu_66535_p2   |         -|   0|  0|  23|          23|          23|
    |sub_ln73_85_fu_66589_p2   |         -|   0|  0|  32|          25|          25|
    |sub_ln73_86_fu_66025_p2   |         -|   0|  0|  27|          20|          20|
    |sub_ln73_87_fu_62975_p2   |         -|   0|  0|  27|          20|          20|
    |sub_ln73_88_fu_63320_p2   |         -|   0|  0|  30|          23|          23|
    |sub_ln73_fu_61077_p2      |         -|   0|  0|  32|           1|          25|
    +--------------------------+----------+----+---+----+------------+------------+
    |Total                     |          |   0|  0|8624|        7125|        7194|
    +--------------------------+----------+----+---+----+------------+------------+

    * Multiplexer: 
    +---------------+----+-----------+-----+-----------+
    |      Name     | LUT| Input Size| Bits| Total Bits|
    +---------------+----+-----------+-----+-----------+
    |ap_NS_fsm      |  26|          5|    1|          5|
    |grp_fu_736_p0  |  20|          4|   16|         64|
    |grp_fu_736_p1  |  20|          4|   10|         40|
    |grp_fu_737_p0  |  20|          4|   16|         64|
    |grp_fu_737_p1  |  20|          4|   11|         44|
    |grp_fu_738_p0  |  20|          4|   16|         64|
    |grp_fu_738_p1  |  20|          4|   10|         40|
    |grp_fu_739_p0  |  20|          4|   16|         64|
    |grp_fu_739_p1  |  20|          4|   10|         40|
    |grp_fu_740_p0  |  20|          4|   16|         64|
    |grp_fu_740_p1  |  20|          4|   10|         40|
    |grp_fu_741_p0  |  20|          4|   16|         64|
    |grp_fu_741_p1  |  20|          4|   10|         40|
    |grp_fu_742_p0  |  20|          4|   16|         64|
    |grp_fu_742_p1  |  20|          4|   10|         40|
    |grp_fu_743_p0  |  26|          5|   16|         80|
    |grp_fu_743_p1  |  20|          4|   10|         40|
    |grp_fu_744_p0  |  20|          4|   16|         64|
    |grp_fu_744_p1  |  20|          4|   10|         40|
    |grp_fu_745_p0  |  26|          5|   16|         80|
    |grp_fu_745_p1  |  20|          4|    9|         36|
    |grp_fu_746_p0  |  26|          5|   16|         80|
    |grp_fu_746_p1  |  20|          4|   10|         40|
    |grp_fu_747_p0  |  20|          4|   16|         64|
    |grp_fu_747_p1  |  20|          4|   11|         44|
    |grp_fu_748_p0  |  20|          4|   16|         64|
    |grp_fu_748_p1  |  20|          4|   11|         44|
    |grp_fu_749_p0  |  20|          4|   16|         64|
    |grp_fu_749_p1  |  20|          4|   10|         40|
    |grp_fu_750_p0  |  20|          4|   16|         64|
    |grp_fu_750_p1  |  20|          4|   11|         44|
    |grp_fu_751_p0  |  26|          5|   16|         80|
    |grp_fu_751_p1  |  20|          4|   11|         44|
    |grp_fu_752_p0  |  20|          4|   16|         64|
    |grp_fu_752_p1  |  20|          4|   10|         40|
    |grp_fu_753_p0  |  20|          4|   16|         64|
    |grp_fu_753_p1  |  14|          3|   10|         30|
    |grp_fu_754_p0  |  20|          4|   16|         64|
    |grp_fu_754_p1  |  20|          4|   10|         40|
    |grp_fu_755_p0  |  20|          4|   16|         64|
    |grp_fu_755_p1  |  14|          3|   10|         30|
    |grp_fu_756_p0  |  20|          4|   16|         64|
    |grp_fu_756_p1  |  20|          4|   11|         44|
    |grp_fu_757_p0  |  20|          4|   16|         64|
    |grp_fu_757_p1  |  20|          4|   10|         40|
    |grp_fu_758_p0  |  26|          5|   16|         80|
    |grp_fu_758_p1  |  20|          4|   11|         44|
    |grp_fu_759_p0  |  20|          4|   16|         64|
    |grp_fu_759_p1  |  20|          4|   10|         40|
    |grp_fu_760_p0  |  20|          4|   16|         64|
    |grp_fu_760_p1  |  20|          4|   10|         40|
    |grp_fu_761_p0  |  20|          4|   16|         64|
    |grp_fu_761_p1  |  14|          3|    9|         27|
    |grp_fu_762_p0  |  26|          5|   16|         80|
    |grp_fu_762_p1  |  20|          4|   11|         44|
    |grp_fu_763_p0  |  20|          4|   16|         64|
    |grp_fu_763_p1  |  20|          4|   10|         40|
    |grp_fu_764_p0  |  26|          5|   16|         80|
    |grp_fu_764_p1  |  20|          4|   10|         40|
    |grp_fu_765_p0  |  26|          5|   16|         80|
    |grp_fu_765_p1  |  14|          3|   10|         30|
    |grp_fu_766_p0  |  20|          4|   16|         64|
    |grp_fu_766_p1  |  20|          4|   11|         44|
    |grp_fu_767_p0  |  20|          4|   16|         64|
    |grp_fu_767_p1  |  20|          4|   11|         44|
    |grp_fu_768_p0  |  20|          4|   16|         64|
    |grp_fu_768_p1  |  20|          4|   11|         44|
    |grp_fu_769_p0  |  20|          4|   16|         64|
    |grp_fu_769_p1  |  20|          4|   10|         40|
    |grp_fu_770_p0  |  20|          4|   16|         64|
    |grp_fu_770_p1  |  20|          4|   10|         40|
    |grp_fu_771_p0  |  26|          5|   16|         80|
    |grp_fu_771_p1  |  20|          4|   10|         40|
    |grp_fu_772_p0  |  20|          4|   16|         64|
    |grp_fu_772_p1  |  20|          4|    9|         36|
    |grp_fu_773_p0  |  26|          5|   16|         80|
    |grp_fu_773_p1  |  20|          4|    9|         36|
    |grp_fu_774_p0  |  20|          4|   16|         64|
    |grp_fu_774_p1  |  20|          4|   10|         40|
    |grp_fu_775_p0  |  20|          4|   16|         64|
    |grp_fu_775_p1  |  20|          4|    9|         36|
    |grp_fu_776_p0  |  20|          4|   16|         64|
    |grp_fu_776_p1  |  20|          4|   11|         44|
    |grp_fu_777_p0  |  26|          5|   16|         80|
    |grp_fu_777_p1  |  14|          3|   10|         30|
    |grp_fu_778_p0  |  20|          4|   16|         64|
    |grp_fu_778_p1  |  20|          4|   10|         40|
    |grp_fu_779_p0  |  26|          5|   16|         80|
    |grp_fu_779_p1  |  20|          4|   11|         44|
    |grp_fu_780_p0  |  20|          4|   16|         64|
    |grp_fu_780_p1  |  20|          4|   11|         44|
    |grp_fu_781_p0  |  20|          4|   16|         64|
    |grp_fu_781_p1  |  20|          4|   10|         40|
    |grp_fu_782_p0  |  20|          4|   16|         64|
    |grp_fu_782_p1  |  14|          3|   10|         30|
    |grp_fu_783_p0  |  20|          4|   16|         64|
    |grp_fu_783_p1  |  20|          4|   10|         40|
    |grp_fu_784_p0  |  20|          4|   16|         64|
    |grp_fu_784_p1  |  14|          3|   10|         30|
    |grp_fu_785_p0  |  26|          5|   16|         80|
    |grp_fu_785_p1  |  20|          4|   10|         40|
    |grp_fu_786_p0  |  20|          4|   16|         64|
    |grp_fu_786_p1  |  20|          4|   11|         44|
    |grp_fu_787_p0  |  20|          4|   16|         64|
    |grp_fu_787_p1  |  14|          3|   11|         33|
    |grp_fu_788_p0  |  20|          4|   16|         64|
    |grp_fu_788_p1  |  20|          4|   11|         44|
    |grp_fu_789_p0  |  20|          4|   16|         64|
    |grp_fu_789_p1  |  20|          4|   10|         40|
    |grp_fu_790_p0  |  20|          4|   16|         64|
    |grp_fu_790_p1  |  20|          4|   10|         40|
    |grp_fu_791_p0  |  20|          4|   16|         64|
    |grp_fu_791_p1  |  14|          3|   11|         33|
    |grp_fu_792_p0  |  26|          5|   16|         80|
    |grp_fu_792_p1  |  20|          4|   11|         44|
    |grp_fu_793_p0  |  20|          4|   16|         64|
    |grp_fu_793_p1  |  20|          4|   10|         40|
    |grp_fu_794_p0  |  26|          5|   16|         80|
    |grp_fu_794_p1  |  20|          4|   11|         44|
    |grp_fu_795_p0  |  20|          4|   16|         64|
    |grp_fu_795_p1  |  14|          3|   10|         30|
    |grp_fu_796_p0  |  20|          4|   16|         64|
    |grp_fu_796_p1  |  20|          4|    9|         36|
    |grp_fu_797_p0  |  20|          4|   16|         64|
    |grp_fu_797_p1  |  20|          4|   10|         40|
    |grp_fu_798_p0  |  20|          4|   16|         64|
    |grp_fu_798_p1  |  20|          4|   10|         40|
    |grp_fu_799_p0  |  26|          5|   16|         80|
    |grp_fu_799_p1  |  14|          3|   10|         30|
    |grp_fu_800_p0  |  26|          5|   16|         80|
    |grp_fu_800_p1  |  20|          4|   11|         44|
    |grp_fu_801_p0  |  20|          4|   16|         64|
    |grp_fu_801_p1  |  20|          4|   11|         44|
    |grp_fu_802_p0  |  20|          4|   16|         64|
    |grp_fu_802_p1  |  20|          4|   10|         40|
    |grp_fu_803_p0  |  20|          4|   16|         64|
    |grp_fu_803_p1  |  20|          4|   11|         44|
    |grp_fu_804_p0  |  20|          4|   16|         64|
    |grp_fu_804_p1  |  14|          3|   11|         33|
    |grp_fu_805_p0  |  20|          4|   16|         64|
    |grp_fu_805_p1  |  14|          3|    9|         27|
    |grp_fu_806_p0  |  20|          4|   16|         64|
    |grp_fu_806_p1  |  14|          3|   10|         30|
    |grp_fu_807_p0  |  26|          5|   16|         80|
    |grp_fu_807_p1  |  14|          3|    9|         27|
    |grp_fu_808_p0  |  20|          4|   16|         64|
    |grp_fu_808_p1  |  20|          4|    9|         36|
    |grp_fu_809_p0  |  20|          4|   16|         64|
    |grp_fu_809_p1  |  20|          4|   11|         44|
    |grp_fu_810_p0  |  26|          5|   16|         80|
    |grp_fu_810_p1  |  20|          4|   10|         40|
    |grp_fu_811_p0  |  20|          4|   16|         64|
    |grp_fu_811_p1  |  20|          4|   10|         40|
    |grp_fu_812_p0  |  20|          4|   16|         64|
    |grp_fu_812_p1  |  20|          4|   10|         40|
    |grp_fu_813_p0  |  20|          4|   16|         64|
    |grp_fu_813_p1  |  20|          4|   11|         44|
    |grp_fu_814_p0  |  20|          4|   16|         64|
    |grp_fu_814_p1  |  14|          3|    9|         27|
    |grp_fu_815_p0  |  26|          5|   16|         80|
    |grp_fu_815_p1  |  20|          4|   10|         40|
    |grp_fu_816_p0  |  20|          4|   16|         64|
    |grp_fu_816_p1  |  20|          4|   11|         44|
    |grp_fu_817_p0  |  26|          5|   16|         80|
    |grp_fu_817_p1  |  20|          4|   11|         44|
    |grp_fu_818_p0  |  20|          4|   16|         64|
    |grp_fu_818_p1  |  20|          4|   10|         40|
    |grp_fu_819_p0  |  26|          5|   16|         80|
    |grp_fu_819_p1  |  20|          4|   10|         40|
    |grp_fu_820_p0  |  20|          4|   16|         64|
    |grp_fu_820_p1  |  20|          4|   10|         40|
    |grp_fu_821_p0  |  20|          4|   16|         64|
    |grp_fu_821_p1  |  14|          3|   10|         30|
    |grp_fu_822_p0  |  20|          4|   16|         64|
    |grp_fu_822_p1  |  20|          4|   10|         40|
    |grp_fu_823_p0  |  20|          4|   16|         64|
    |grp_fu_823_p1  |  14|          3|   11|         33|
    |grp_fu_824_p0  |  26|          5|   16|         80|
    |grp_fu_824_p1  |  20|          4|   10|         40|
    |grp_fu_825_p0  |  20|          4|   16|         64|
    |grp_fu_825_p1  |  20|          4|   10|         40|
    |grp_fu_826_p0  |  20|          4|   16|         64|
    |grp_fu_826_p1  |  20|          4|   10|         40|
    |grp_fu_827_p0  |  20|          4|   16|         64|
    |grp_fu_827_p1  |  20|          4|   10|         40|
    |grp_fu_828_p0  |  26|          5|   16|         80|
    |grp_fu_828_p1  |  20|          4|   10|         40|
    |grp_fu_829_p0  |  26|          5|   16|         80|
    |grp_fu_829_p1  |  20|          4|   10|         40|
    |grp_fu_830_p0  |  20|          4|   16|         64|
    |grp_fu_831_p0  |  26|          5|   16|         80|
    |grp_fu_831_p1  |  14|          3|   10|         30|
    +---------------+----+-----------+-----+-----------+
    |Total          |3888|        776| 2506|      10251|
    +---------------+----+-----------+-----+-----------+

    * Register: 
    +-------------------------+----+----+-----+-----------+
    |           Name          | FF | LUT| Bits| Const Bits|
    +-------------------------+----+----+-----+-----------+
    |a_10_reg_68165           |  16|   0|   16|          0|
    |a_11_reg_68178           |  16|   0|   16|          0|
    |a_12_reg_68192           |  16|   0|   16|          0|
    |a_13_reg_68206           |  16|   0|   16|          0|
    |a_14_reg_68218           |  16|   0|   16|          0|
    |a_15_reg_68235           |  16|   0|   16|          0|
    |a_4_reg_67997            |  16|   0|   16|          0|
    |a_5_reg_68079            |  16|   0|   16|          0|
    |a_6_reg_68105            |  16|   0|   16|          0|
    |a_7_reg_68115            |  16|   0|   16|          0|
    |a_8_reg_68128            |  16|   0|   16|          0|
    |a_9_reg_68149            |  16|   0|   16|          0|
    |add_ln58_305_reg_68255   |  16|   0|   16|          0|
    |add_ln58_308_reg_68405   |  16|   0|   16|          0|
    |add_ln58_310_reg_68776   |  16|   0|   16|          0|
    |add_ln58_311_reg_68781   |  16|   0|   16|          0|
    |add_ln58_321_reg_68260   |  16|   0|   16|          0|
    |add_ln58_324_reg_68410   |  16|   0|   16|          0|
    |add_ln58_331_reg_68265   |  13|   0|   13|          0|
    |add_ln58_334_reg_68786   |  16|   0|   16|          0|
    |add_ln58_337_reg_68270   |  16|   0|   16|          0|
    |add_ln58_340_reg_68415   |  16|   0|   16|          0|
    |add_ln58_342_reg_68791   |  16|   0|   16|          0|
    |add_ln58_343_reg_68796   |  16|   0|   16|          0|
    |add_ln58_353_reg_68275   |  16|   0|   16|          0|
    |add_ln58_356_reg_68420   |  16|   0|   16|          0|
    |add_ln58_358_reg_68801   |  16|   0|   16|          0|
    |add_ln58_359_reg_68806   |  16|   0|   16|          0|
    |add_ln58_369_reg_68280   |  16|   0|   16|          0|
    |add_ln58_372_reg_68425   |  16|   0|   16|          0|
    |add_ln58_374_reg_68430   |  16|   0|   16|          0|
    |add_ln58_375_reg_68811   |  16|   0|   16|          0|
    |add_ln58_385_reg_68285   |  16|   0|   16|          0|
    |add_ln58_388_reg_68435   |  16|   0|   16|          0|
    |add_ln58_390_reg_68440   |  16|   0|   16|          0|
    |add_ln58_391_reg_68816   |  16|   0|   16|          0|
    |add_ln58_401_reg_68290   |  16|   0|   16|          0|
    |add_ln58_404_reg_68445   |  16|   0|   16|          0|
    |add_ln58_406_reg_68450   |  16|   0|   16|          0|
    |add_ln58_407_reg_68821   |  16|   0|   16|          0|
    |add_ln58_417_reg_68295   |  16|   0|   16|          0|
    |add_ln58_420_reg_68455   |  16|   0|   16|          0|
    |add_ln58_422_reg_68826   |  16|   0|   16|          0|
    |add_ln58_423_reg_68831   |  16|   0|   16|          0|
    |add_ln58_433_reg_68300   |  16|   0|   16|          0|
    |add_ln58_436_reg_68460   |  16|   0|   16|          0|
    |add_ln58_438_reg_68465   |  16|   0|   16|          0|
    |add_ln58_446_reg_68836   |  16|   0|   16|          0|
    |add_ln58_449_reg_68305   |  16|   0|   16|          0|
    |add_ln58_452_reg_68470   |  16|   0|   16|          0|
    |add_ln58_454_reg_68841   |  16|   0|   16|          0|
    |add_ln58_455_reg_68846   |  16|   0|   16|          0|
    |add_ln58_465_reg_68310   |  16|   0|   16|          0|
    |add_ln58_468_reg_68475   |  16|   0|   16|          0|
    |add_ln58_470_reg_68851   |  16|   0|   16|          0|
    |add_ln58_471_reg_68856   |  16|   0|   16|          0|
    |add_ln58_481_reg_68315   |  16|   0|   16|          0|
    |add_ln58_484_reg_68480   |  16|   0|   16|          0|
    |add_ln58_486_reg_68485   |  16|   0|   16|          0|
    |add_ln58_487_reg_68861   |  16|   0|   16|          0|
    |add_ln58_496_reg_68320   |  16|   0|   16|          0|
    |add_ln58_499_reg_68490   |  16|   0|   16|          0|
    |add_ln58_501_reg_68866   |  16|   0|   16|          0|
    |add_ln58_502_reg_68871   |  16|   0|   16|          0|
    |add_ln58_512_reg_68325   |  16|   0|   16|          0|
    |add_ln58_515_reg_68495   |  16|   0|   16|          0|
    |add_ln58_517_reg_68500   |  16|   0|   16|          0|
    |add_ln58_525_reg_68876   |  16|   0|   16|          0|
    |add_ln58_528_reg_68330   |  16|   0|   16|          0|
    |add_ln58_531_reg_68505   |  16|   0|   16|          0|
    |add_ln58_533_reg_68881   |  15|   0|   15|          0|
    |add_ln58_534_reg_68886   |  15|   0|   15|          0|
    |add_ln58_543_reg_68335   |  16|   0|   16|          0|
    |add_ln58_546_reg_68510   |  16|   0|   16|          0|
    |add_ln58_548_reg_68515   |  16|   0|   16|          0|
    |add_ln58_556_reg_68891   |  16|   0|   16|          0|
    |add_ln58_559_reg_68340   |  16|   0|   16|          0|
    |add_ln58_562_reg_68520   |  16|   0|   16|          0|
    |add_ln58_564_reg_68525   |  16|   0|   16|          0|
    |add_ln58_565_reg_68896   |  15|   0|   15|          0|
    |add_ln58_567_reg_68901   |  15|   0|   15|          0|
    |add_ln58_575_reg_68345   |  16|   0|   16|          0|
    |add_ln58_578_reg_68530   |  16|   0|   16|          0|
    |add_ln58_580_reg_68535   |  16|   0|   16|          0|
    |add_ln58_581_reg_68906   |  16|   0|   16|          0|
    |add_ln58_591_reg_68350   |  16|   0|   16|          0|
    |add_ln58_594_reg_68540   |  16|   0|   16|          0|
    |add_ln58_596_reg_68911   |  16|   0|   16|          0|
    |add_ln58_597_reg_68916   |  16|   0|   16|          0|
    |add_ln58_606_reg_68355   |  16|   0|   16|          0|
    |add_ln58_609_reg_68545   |  16|   0|   16|          0|
    |add_ln58_611_reg_68550   |  15|   0|   15|          0|
    |add_ln58_612_reg_68921   |  16|   0|   16|          0|
    |add_ln58_622_reg_68555   |  16|   0|   16|          0|
    |add_ln58_625_reg_68560   |  16|   0|   16|          0|
    |add_ln58_627_reg_68926   |  16|   0|   16|          0|
    |add_ln58_628_reg_68931   |  16|   0|   16|          0|
    |add_ln58_638_reg_68360   |  16|   0|   16|          0|
    |add_ln58_641_reg_68565   |  16|   0|   16|          0|
    |add_ln58_643_reg_68936   |  16|   0|   16|          0|
    |add_ln58_644_reg_68941   |  16|   0|   16|          0|
    |add_ln58_654_reg_68365   |  16|   0|   16|          0|
    |add_ln58_657_reg_68570   |  16|   0|   16|          0|
    |add_ln58_659_reg_68575   |  16|   0|   16|          0|
    |add_ln58_660_reg_68946   |  16|   0|   16|          0|
    |add_ln58_670_reg_68370   |  16|   0|   16|          0|
    |add_ln58_673_reg_68580   |  16|   0|   16|          0|
    |add_ln58_675_reg_68585   |  16|   0|   16|          0|
    |add_ln58_676_reg_68951   |  16|   0|   16|          0|
    |ap_CS_fsm                |   4|   0|    4|          0|
    |mult_296_reg_67972       |   6|   0|    6|          0|
    |mult_304_reg_67977       |  16|   0|   16|          0|
    |mult_328_reg_67982       |  11|   0|   11|          0|
    |mult_351_reg_67987       |  12|   0|   12|          0|
    |mult_375_reg_67992       |  14|   0|   14|          0|
    |mult_378_reg_68009       |  15|   0|   15|          0|
    |mult_379_reg_68014       |  16|   0|   16|          0|
    |mult_381_reg_68019       |  16|   0|   16|          0|
    |mult_383_reg_68024       |  15|   0|   15|          0|
    |mult_384_reg_68029       |  16|   0|   16|          0|
    |mult_386_reg_68034       |  16|   0|   16|          0|
    |mult_387_reg_68039       |  13|   0|   13|          0|
    |mult_388_reg_68044       |  13|   0|   13|          0|
    |mult_389_reg_68049       |  16|   0|   16|          0|
    |mult_391_reg_68054       |  15|   0|   15|          0|
    |mult_392_reg_68059       |  16|   0|   16|          0|
    |mult_396_reg_68064       |  14|   0|   14|          0|
    |mult_399_reg_68069       |  15|   0|   15|          0|
    |mult_400_reg_68074       |  14|   0|   14|          0|
    |mult_402_reg_68100       |  16|   0|   16|          0|
    |mult_474_reg_68144       |  11|   0|   11|          0|
    |mult_494_reg_68160       |   8|   0|    8|          0|
    |mult_496_reg_68375       |  15|   0|   15|          0|
    |mult_501_reg_68380       |  15|   0|   15|          0|
    |mult_503_reg_68385       |  15|   0|   15|          0|
    |mult_506_reg_68390       |  15|   0|   15|          0|
    |mult_508_reg_68395       |  14|   0|   14|          0|
    |mult_514_reg_68400       |  16|   0|   16|          0|
    |mult_569_reg_68590       |  14|   0|   14|          0|
    |mult_570_reg_68595       |  15|   0|   15|          0|
    |mult_572_reg_68600       |  16|   0|   16|          0|
    |mult_573_reg_68605       |  15|   0|   15|          0|
    |mult_575_reg_68610       |  13|   0|   13|          0|
    |mult_576_reg_68615       |  15|   0|   15|          0|
    |mult_577_reg_68620       |  16|   0|   16|          0|
    |mult_580_reg_68625       |  15|   0|   15|          0|
    |mult_583_reg_68630       |  12|   0|   12|          0|
    |mult_584_reg_68635       |  15|   0|   15|          0|
    |mult_585_reg_68640       |  16|   0|   16|          0|
    |mult_587_reg_68645       |  13|   0|   13|          0|
    |mult_589_reg_68201       |  11|   0|   11|          0|
    |mult_592_reg_68650       |  15|   0|   15|          0|
    |mult_593_reg_68655       |  15|   0|   15|          0|
    |mult_594_reg_68660       |  16|   0|   16|          0|
    |mult_595_reg_68665       |  15|   0|   15|          0|
    |mult_596_reg_68670       |  15|   0|   15|          0|
    |mult_597_reg_68675       |  16|   0|   16|          0|
    |mult_600_reg_68680       |  15|   0|   15|          0|
    |mult_602_reg_68685       |  14|   0|   14|          0|
    |mult_604_reg_68690       |  14|   0|   14|          0|
    |mult_609_reg_68695       |  14|   0|   14|          0|
    |mult_610_reg_68700       |  15|   0|   15|          0|
    |mult_612_reg_68705       |  15|   0|   15|          0|
    |mult_613_reg_68710       |  16|   0|   16|          0|
    |mult_614_reg_68726       |  15|   0|   15|          0|
    |mult_617_reg_68731       |  16|   0|   16|          0|
    |mult_618_reg_68736       |  16|   0|   16|          0|
    |mult_619_reg_68741       |  15|   0|   15|          0|
    |mult_620_reg_68746       |  13|   0|   13|          0|
    |mult_621_reg_68751       |  16|   0|   16|          0|
    |mult_623_reg_68756       |  15|   0|   15|          0|
    |mult_625_reg_68761       |  15|   0|   15|          0|
    |mult_626_reg_68766       |  15|   0|   15|          0|
    |mult_627_reg_68230       |   6|   0|    6|          0|
    |mult_630_reg_68771       |  16|   0|   16|          0|
    |mult_646_reg_68245       |  13|   0|   13|          0|
    |mult_653_reg_68250       |   8|   0|    8|          0|
    |reg_60962                |  15|   0|   15|          0|
    |reg_60966                |  16|   0|   16|          0|
    |reg_60970                |  16|   0|   16|          0|
    |reg_60974                |  15|   0|   15|          0|
    |reg_60978                |  16|   0|   16|          0|
    |reg_60982                |  16|   0|   16|          0|
    |sext_ln70_128_reg_68090  |  26|   0|   26|          0|
    |sext_ln70_165_reg_68715  |  26|   0|   26|          0|
    |sext_ln70_166_reg_68720  |  25|   0|   25|          0|
    +-------------------------+----+----+-----+-----------+
    |Total                    |2865|   0| 2865|          0|
    +-------------------------+----+----+-----+-----------+



================================================================
== Interface
================================================================
* Summary: 
+--------------+-----+-----+------------+----------------------------------------------------------------------------+--------------+
|   RTL Ports  | Dir | Bits|  Protocol  |                                Source Object                               |    C Type    |
+--------------+-----+-----+------------+----------------------------------------------------------------------------+--------------+
|ap_clk        |   in|    1|  ap_ctrl_hs|  dense_latency<ap_fixed<16, 6, 5, 3, 0>, ap_fixed<16, 6, 5, 3, 0>, config2>|  return value|
|ap_rst        |   in|    1|  ap_ctrl_hs|  dense_latency<ap_fixed<16, 6, 5, 3, 0>, ap_fixed<16, 6, 5, 3, 0>, config2>|  return value|
|ap_start      |   in|    1|  ap_ctrl_hs|  dense_latency<ap_fixed<16, 6, 5, 3, 0>, ap_fixed<16, 6, 5, 3, 0>, config2>|  return value|
|ap_done       |  out|    1|  ap_ctrl_hs|  dense_latency<ap_fixed<16, 6, 5, 3, 0>, ap_fixed<16, 6, 5, 3, 0>, config2>|  return value|
|ap_idle       |  out|    1|  ap_ctrl_hs|  dense_latency<ap_fixed<16, 6, 5, 3, 0>, ap_fixed<16, 6, 5, 3, 0>, config2>|  return value|
|ap_ready      |  out|    1|  ap_ctrl_hs|  dense_latency<ap_fixed<16, 6, 5, 3, 0>, ap_fixed<16, 6, 5, 3, 0>, config2>|  return value|
|ap_return_0   |  out|   16|  ap_ctrl_hs|  dense_latency<ap_fixed<16, 6, 5, 3, 0>, ap_fixed<16, 6, 5, 3, 0>, config2>|  return value|
|ap_return_1   |  out|   16|  ap_ctrl_hs|  dense_latency<ap_fixed<16, 6, 5, 3, 0>, ap_fixed<16, 6, 5, 3, 0>, config2>|  return value|
|ap_return_2   |  out|   16|  ap_ctrl_hs|  dense_latency<ap_fixed<16, 6, 5, 3, 0>, ap_fixed<16, 6, 5, 3, 0>, config2>|  return value|
|ap_return_3   |  out|   16|  ap_ctrl_hs|  dense_latency<ap_fixed<16, 6, 5, 3, 0>, ap_fixed<16, 6, 5, 3, 0>, config2>|  return value|
|ap_return_4   |  out|   16|  ap_ctrl_hs|  dense_latency<ap_fixed<16, 6, 5, 3, 0>, ap_fixed<16, 6, 5, 3, 0>, config2>|  return value|
|ap_return_5   |  out|   16|  ap_ctrl_hs|  dense_latency<ap_fixed<16, 6, 5, 3, 0>, ap_fixed<16, 6, 5, 3, 0>, config2>|  return value|
|ap_return_6   |  out|   16|  ap_ctrl_hs|  dense_latency<ap_fixed<16, 6, 5, 3, 0>, ap_fixed<16, 6, 5, 3, 0>, config2>|  return value|
|ap_return_7   |  out|   16|  ap_ctrl_hs|  dense_latency<ap_fixed<16, 6, 5, 3, 0>, ap_fixed<16, 6, 5, 3, 0>, config2>|  return value|
|ap_return_8   |  out|   16|  ap_ctrl_hs|  dense_latency<ap_fixed<16, 6, 5, 3, 0>, ap_fixed<16, 6, 5, 3, 0>, config2>|  return value|
|ap_return_9   |  out|   16|  ap_ctrl_hs|  dense_latency<ap_fixed<16, 6, 5, 3, 0>, ap_fixed<16, 6, 5, 3, 0>, config2>|  return value|
|ap_return_10  |  out|   16|  ap_ctrl_hs|  dense_latency<ap_fixed<16, 6, 5, 3, 0>, ap_fixed<16, 6, 5, 3, 0>, config2>|  return value|
|ap_return_11  |  out|   16|  ap_ctrl_hs|  dense_latency<ap_fixed<16, 6, 5, 3, 0>, ap_fixed<16, 6, 5, 3, 0>, config2>|  return value|
|ap_return_12  |  out|   16|  ap_ctrl_hs|  dense_latency<ap_fixed<16, 6, 5, 3, 0>, ap_fixed<16, 6, 5, 3, 0>, config2>|  return value|
|ap_return_13  |  out|   16|  ap_ctrl_hs|  dense_latency<ap_fixed<16, 6, 5, 3, 0>, ap_fixed<16, 6, 5, 3, 0>, config2>|  return value|
|ap_return_14  |  out|   16|  ap_ctrl_hs|  dense_latency<ap_fixed<16, 6, 5, 3, 0>, ap_fixed<16, 6, 5, 3, 0>, config2>|  return value|
|ap_return_15  |  out|   16|  ap_ctrl_hs|  dense_latency<ap_fixed<16, 6, 5, 3, 0>, ap_fixed<16, 6, 5, 3, 0>, config2>|  return value|
|ap_return_16  |  out|   16|  ap_ctrl_hs|  dense_latency<ap_fixed<16, 6, 5, 3, 0>, ap_fixed<16, 6, 5, 3, 0>, config2>|  return value|
|ap_return_17  |  out|   16|  ap_ctrl_hs|  dense_latency<ap_fixed<16, 6, 5, 3, 0>, ap_fixed<16, 6, 5, 3, 0>, config2>|  return value|
|ap_return_18  |  out|   16|  ap_ctrl_hs|  dense_latency<ap_fixed<16, 6, 5, 3, 0>, ap_fixed<16, 6, 5, 3, 0>, config2>|  return value|
|ap_return_19  |  out|   16|  ap_ctrl_hs|  dense_latency<ap_fixed<16, 6, 5, 3, 0>, ap_fixed<16, 6, 5, 3, 0>, config2>|  return value|
|ap_return_20  |  out|   16|  ap_ctrl_hs|  dense_latency<ap_fixed<16, 6, 5, 3, 0>, ap_fixed<16, 6, 5, 3, 0>, config2>|  return value|
|ap_return_21  |  out|   16|  ap_ctrl_hs|  dense_latency<ap_fixed<16, 6, 5, 3, 0>, ap_fixed<16, 6, 5, 3, 0>, config2>|  return value|
|ap_return_22  |  out|   16|  ap_ctrl_hs|  dense_latency<ap_fixed<16, 6, 5, 3, 0>, ap_fixed<16, 6, 5, 3, 0>, config2>|  return value|
|ap_return_23  |  out|   16|  ap_ctrl_hs|  dense_latency<ap_fixed<16, 6, 5, 3, 0>, ap_fixed<16, 6, 5, 3, 0>, config2>|  return value|
|ap_ce         |   in|    1|  ap_ctrl_hs|  dense_latency<ap_fixed<16, 6, 5, 3, 0>, ap_fixed<16, 6, 5, 3, 0>, config2>|  return value|
|data_val      |   in|  256|     ap_none|                                                                    data_val|        scalar|
+--------------+-----+-----+------------+----------------------------------------------------------------------------+--------------+

