

================================================================
== Vitis HLS Report for 'relu_ap_fixed_16_6_5_3_0_ap_fixed_16_6_5_3_0_relu_config3_s'
================================================================
* Date:           Wed Aug  6 12:30:41 2025

* Version:        2023.2 (Build 4023990 on Oct 11 2023)
* Project:        hls_simple_obds_synthesis
* Solution:       solution1 (Vivado IP Flow Target)
* Product family: virtexuplus
* Target device:  xcu250-figd2104-2L-e


================================================================
== Performance Estimates
================================================================
+ Timing: 
    * Summary: 
    +--------+----------+----------+------------+
    |  Clock |  Target  | Estimated| Uncertainty|
    +--------+----------+----------+------------+
    |ap_clk  |  10.00 ns|  1.078 ns|     2.70 ns|
    +--------+----------+----------+------------+

+ Latency: 
    * Summary: 
    +---------+---------+----------+----------+-----+-----+---------+
    |  Latency (cycles) |  Latency (absolute) |  Interval | Pipeline|
    |   min   |   max   |    min   |    max   | min | max |   Type  |
    +---------+---------+----------+----------+-----+-----+---------+
    |        0|        0|      0 ns|      0 ns|    1|    1|      yes|
    +---------+---------+----------+----------+-----+-----+---------+

    + Detail: 
        * Instance: 
        N/A

        * Loop: 
        N/A



================================================================
== Utilization Estimates
================================================================
* Summary: 
+---------------------+---------+-------+---------+---------+------+
|         Name        | BRAM_18K|  DSP  |    FF   |   LUT   | URAM |
+---------------------+---------+-------+---------+---------+------+
|DSP                  |        -|      -|        -|        -|     -|
|Expression           |        -|      -|        0|      912|     -|
|FIFO                 |        -|      -|        -|        -|     -|
|Instance             |        -|      -|        -|        -|     -|
|Memory               |        -|      -|        -|        -|     -|
|Multiplexer          |        -|      -|        -|        -|     -|
|Register             |        -|      -|        -|        -|     -|
+---------------------+---------+-------+---------+---------+------+
|Total                |        0|      0|        0|      912|     0|
+---------------------+---------+-------+---------+---------+------+
|Available SLR        |     1344|   3072|   864000|   432000|   320|
+---------------------+---------+-------+---------+---------+------+
|Utilization SLR (%)  |        0|      0|        0|       ~0|     0|
+---------------------+---------+-------+---------+---------+------+
|Available            |     5376|  12288|  3456000|  1728000|  1280|
+---------------------+---------+-------+---------+---------+------+
|Utilization (%)      |        0|      0|        0|       ~0|     0|
+---------------------+---------+-------+---------+---------+------+

+ Detail: 
    * Instance: 
    N/A

    * DSP: 
    N/A

    * Memory: 
    N/A

    * FIFO: 
    N/A

    * Expression: 
    +------------------------+----------+----+---+----+------------+------------+
    |      Variable Name     | Operation| DSP| FF| LUT| Bitwidth P0| Bitwidth P1|
    +------------------------+----------+----+---+----+------------+------------+
    |icmp_ln45_12_fu_322_p2  |      icmp|   0|  0|  23|          16|           1|
    |icmp_ln45_13_fu_340_p2  |      icmp|   0|  0|  23|          16|           1|
    |icmp_ln45_14_fu_358_p2  |      icmp|   0|  0|  23|          16|           1|
    |icmp_ln45_15_fu_376_p2  |      icmp|   0|  0|  23|          16|           1|
    |icmp_ln45_16_fu_394_p2  |      icmp|   0|  0|  23|          16|           1|
    |icmp_ln45_17_fu_412_p2  |      icmp|   0|  0|  23|          16|           1|
    |icmp_ln45_18_fu_430_p2  |      icmp|   0|  0|  23|          16|           1|
    |icmp_ln45_19_fu_448_p2  |      icmp|   0|  0|  23|          16|           1|
    |icmp_ln45_20_fu_466_p2  |      icmp|   0|  0|  23|          16|           1|
    |icmp_ln45_21_fu_484_p2  |      icmp|   0|  0|  23|          16|           1|
    |icmp_ln45_22_fu_502_p2  |      icmp|   0|  0|  23|          16|           1|
    |icmp_ln45_23_fu_520_p2  |      icmp|   0|  0|  23|          16|           1|
    |icmp_ln45_24_fu_538_p2  |      icmp|   0|  0|  23|          16|           1|
    |icmp_ln45_25_fu_556_p2  |      icmp|   0|  0|  23|          16|           1|
    |icmp_ln45_26_fu_574_p2  |      icmp|   0|  0|  23|          16|           1|
    |icmp_ln45_27_fu_592_p2  |      icmp|   0|  0|  23|          16|           1|
    |icmp_ln45_28_fu_610_p2  |      icmp|   0|  0|  23|          16|           1|
    |icmp_ln45_29_fu_628_p2  |      icmp|   0|  0|  23|          16|           1|
    |icmp_ln45_30_fu_646_p2  |      icmp|   0|  0|  23|          16|           1|
    |icmp_ln45_31_fu_664_p2  |      icmp|   0|  0|  23|          16|           1|
    |icmp_ln45_32_fu_682_p2  |      icmp|   0|  0|  23|          16|           1|
    |icmp_ln45_33_fu_700_p2  |      icmp|   0|  0|  23|          16|           1|
    |icmp_ln45_34_fu_718_p2  |      icmp|   0|  0|  23|          16|           1|
    |icmp_ln45_fu_304_p2     |      icmp|   0|  0|  23|          16|           1|
    |datareg_12_fu_328_p3    |    select|   0|  0|  15|           1|          15|
    |datareg_13_fu_346_p3    |    select|   0|  0|  15|           1|          15|
    |datareg_14_fu_364_p3    |    select|   0|  0|  15|           1|          15|
    |datareg_15_fu_382_p3    |    select|   0|  0|  15|           1|          15|
    |datareg_16_fu_400_p3    |    select|   0|  0|  15|           1|          15|
    |datareg_17_fu_418_p3    |    select|   0|  0|  15|           1|          15|
    |datareg_18_fu_436_p3    |    select|   0|  0|  15|           1|          15|
    |datareg_19_fu_454_p3    |    select|   0|  0|  15|           1|          15|
    |datareg_20_fu_472_p3    |    select|   0|  0|  15|           1|          15|
    |datareg_21_fu_490_p3    |    select|   0|  0|  15|           1|          15|
    |datareg_22_fu_508_p3    |    select|   0|  0|  15|           1|          15|
    |datareg_23_fu_526_p3    |    select|   0|  0|  15|           1|          15|
    |datareg_24_fu_544_p3    |    select|   0|  0|  15|           1|          15|
    |datareg_25_fu_562_p3    |    select|   0|  0|  15|           1|          15|
    |datareg_26_fu_580_p3    |    select|   0|  0|  15|           1|          15|
    |datareg_27_fu_598_p3    |    select|   0|  0|  15|           1|          15|
    |datareg_28_fu_616_p3    |    select|   0|  0|  15|           1|          15|
    |datareg_29_fu_634_p3    |    select|   0|  0|  15|           1|          15|
    |datareg_30_fu_652_p3    |    select|   0|  0|  15|           1|          15|
    |datareg_31_fu_670_p3    |    select|   0|  0|  15|           1|          15|
    |datareg_32_fu_688_p3    |    select|   0|  0|  15|           1|          15|
    |datareg_33_fu_706_p3    |    select|   0|  0|  15|           1|          15|
    |datareg_34_fu_724_p3    |    select|   0|  0|  15|           1|          15|
    |datareg_fu_310_p3       |    select|   0|  0|  15|           1|          15|
    +------------------------+----------+----+---+----+------------+------------+
    |Total                   |          |   0|  0| 912|         408|         384|
    +------------------------+----------+----+---+----+------------+------------+

    * Multiplexer: 
    N/A

    * Register: 
    N/A



================================================================
== Interface
================================================================
* Summary: 
+--------------+-----+-----+------------+------------------------------------------------------------------------+--------------+
|   RTL Ports  | Dir | Bits|  Protocol  |                              Source Object                             |    C Type    |
+--------------+-----+-----+------------+------------------------------------------------------------------------+--------------+
|ap_ready      |  out|    1|  ap_ctrl_hs|  relu<ap_fixed<16, 6, 5, 3, 0>, ap_fixed<16, 6, 5, 3, 0>, relu_config3>|  return value|
|ap_return_0   |  out|   16|  ap_ctrl_hs|  relu<ap_fixed<16, 6, 5, 3, 0>, ap_fixed<16, 6, 5, 3, 0>, relu_config3>|  return value|
|ap_return_1   |  out|   16|  ap_ctrl_hs|  relu<ap_fixed<16, 6, 5, 3, 0>, ap_fixed<16, 6, 5, 3, 0>, relu_config3>|  return value|
|ap_return_2   |  out|   16|  ap_ctrl_hs|  relu<ap_fixed<16, 6, 5, 3, 0>, ap_fixed<16, 6, 5, 3, 0>, relu_config3>|  return value|
|ap_return_3   |  out|   16|  ap_ctrl_hs|  relu<ap_fixed<16, 6, 5, 3, 0>, ap_fixed<16, 6, 5, 3, 0>, relu_config3>|  return value|
|ap_return_4   |  out|   16|  ap_ctrl_hs|  relu<ap_fixed<16, 6, 5, 3, 0>, ap_fixed<16, 6, 5, 3, 0>, relu_config3>|  return value|
|ap_return_5   |  out|   16|  ap_ctrl_hs|  relu<ap_fixed<16, 6, 5, 3, 0>, ap_fixed<16, 6, 5, 3, 0>, relu_config3>|  return value|
|ap_return_6   |  out|   16|  ap_ctrl_hs|  relu<ap_fixed<16, 6, 5, 3, 0>, ap_fixed<16, 6, 5, 3, 0>, relu_config3>|  return value|
|ap_return_7   |  out|   16|  ap_ctrl_hs|  relu<ap_fixed<16, 6, 5, 3, 0>, ap_fixed<16, 6, 5, 3, 0>, relu_config3>|  return value|
|ap_return_8   |  out|   16|  ap_ctrl_hs|  relu<ap_fixed<16, 6, 5, 3, 0>, ap_fixed<16, 6, 5, 3, 0>, relu_config3>|  return value|
|ap_return_9   |  out|   16|  ap_ctrl_hs|  relu<ap_fixed<16, 6, 5, 3, 0>, ap_fixed<16, 6, 5, 3, 0>, relu_config3>|  return value|
|ap_return_10  |  out|   16|  ap_ctrl_hs|  relu<ap_fixed<16, 6, 5, 3, 0>, ap_fixed<16, 6, 5, 3, 0>, relu_config3>|  return value|
|ap_return_11  |  out|   16|  ap_ctrl_hs|  relu<ap_fixed<16, 6, 5, 3, 0>, ap_fixed<16, 6, 5, 3, 0>, relu_config3>|  return value|
|ap_return_12  |  out|   16|  ap_ctrl_hs|  relu<ap_fixed<16, 6, 5, 3, 0>, ap_fixed<16, 6, 5, 3, 0>, relu_config3>|  return value|
|ap_return_13  |  out|   16|  ap_ctrl_hs|  relu<ap_fixed<16, 6, 5, 3, 0>, ap_fixed<16, 6, 5, 3, 0>, relu_config3>|  return value|
|ap_return_14  |  out|   16|  ap_ctrl_hs|  relu<ap_fixed<16, 6, 5, 3, 0>, ap_fixed<16, 6, 5, 3, 0>, relu_config3>|  return value|
|ap_return_15  |  out|   16|  ap_ctrl_hs|  relu<ap_fixed<16, 6, 5, 3, 0>, ap_fixed<16, 6, 5, 3, 0>, relu_config3>|  return value|
|ap_return_16  |  out|   16|  ap_ctrl_hs|  relu<ap_fixed<16, 6, 5, 3, 0>, ap_fixed<16, 6, 5, 3, 0>, relu_config3>|  return value|
|ap_return_17  |  out|   16|  ap_ctrl_hs|  relu<ap_fixed<16, 6, 5, 3, 0>, ap_fixed<16, 6, 5, 3, 0>, relu_config3>|  return value|
|ap_return_18  |  out|   16|  ap_ctrl_hs|  relu<ap_fixed<16, 6, 5, 3, 0>, ap_fixed<16, 6, 5, 3, 0>, relu_config3>|  return value|
|ap_return_19  |  out|   16|  ap_ctrl_hs|  relu<ap_fixed<16, 6, 5, 3, 0>, ap_fixed<16, 6, 5, 3, 0>, relu_config3>|  return value|
|ap_return_20  |  out|   16|  ap_ctrl_hs|  relu<ap_fixed<16, 6, 5, 3, 0>, ap_fixed<16, 6, 5, 3, 0>, relu_config3>|  return value|
|ap_return_21  |  out|   16|  ap_ctrl_hs|  relu<ap_fixed<16, 6, 5, 3, 0>, ap_fixed<16, 6, 5, 3, 0>, relu_config3>|  return value|
|ap_return_22  |  out|   16|  ap_ctrl_hs|  relu<ap_fixed<16, 6, 5, 3, 0>, ap_fixed<16, 6, 5, 3, 0>, relu_config3>|  return value|
|ap_return_23  |  out|   16|  ap_ctrl_hs|  relu<ap_fixed<16, 6, 5, 3, 0>, ap_fixed<16, 6, 5, 3, 0>, relu_config3>|  return value|
|data_0_val    |   in|   16|     ap_none|                                                              data_0_val|        scalar|
|data_1_val    |   in|   16|     ap_none|                                                              data_1_val|        scalar|
|data_2_val    |   in|   16|     ap_none|                                                              data_2_val|        scalar|
|data_3_val    |   in|   16|     ap_none|                                                              data_3_val|        scalar|
|data_4_val    |   in|   16|     ap_none|                                                              data_4_val|        scalar|
|data_5_val    |   in|   16|     ap_none|                                                              data_5_val|        scalar|
|data_6_val    |   in|   16|     ap_none|                                                              data_6_val|        scalar|
|data_7_val    |   in|   16|     ap_none|                                                              data_7_val|        scalar|
|data_8_val    |   in|   16|     ap_none|                                                              data_8_val|        scalar|
|data_9_val    |   in|   16|     ap_none|                                                              data_9_val|        scalar|
|data_10_val   |   in|   16|     ap_none|                                                             data_10_val|        scalar|
|data_11_val   |   in|   16|     ap_none|                                                             data_11_val|        scalar|
|data_12_val   |   in|   16|     ap_none|                                                             data_12_val|        scalar|
|data_13_val   |   in|   16|     ap_none|                                                             data_13_val|        scalar|
|data_14_val   |   in|   16|     ap_none|                                                             data_14_val|        scalar|
|data_15_val   |   in|   16|     ap_none|                                                             data_15_val|        scalar|
|data_16_val   |   in|   16|     ap_none|                                                             data_16_val|        scalar|
|data_17_val   |   in|   16|     ap_none|                                                             data_17_val|        scalar|
|data_18_val   |   in|   16|     ap_none|                                                             data_18_val|        scalar|
|data_19_val   |   in|   16|     ap_none|                                                             data_19_val|        scalar|
|data_20_val   |   in|   16|     ap_none|                                                             data_20_val|        scalar|
|data_21_val   |   in|   16|     ap_none|                                                             data_21_val|        scalar|
|data_22_val   |   in|   16|     ap_none|                                                             data_22_val|        scalar|
|data_23_val   |   in|   16|     ap_none|                                                             data_23_val|        scalar|
+--------------+-----+-----+------------+------------------------------------------------------------------------+--------------+

