

================================================================
== Vitis HLS Report for 'dense_latency_ap_fixed_16_6_5_3_0_ap_fixed_16_6_5_3_0_config8_s'
================================================================
* Date:           Wed Aug  6 12:26:28 2025

* Version:        2023.2 (Build 4023990 on Oct 11 2023)
* Project:        hls_simple_bds_synthesis
* Solution:       solution1 (Vivado IP Flow Target)
* Product family: virtexuplus
* Target device:  xcu250-figd2104-2L-e


================================================================
== Performance Estimates
================================================================
+ Timing: 
    * Summary: 
    +--------+----------+----------+------------+
    |  Clock |  Target  | Estimated| Uncertainty|
    +--------+----------+----------+------------+
    |ap_clk  |  10.00 ns|  3.965 ns|     2.70 ns|
    +--------+----------+----------+------------+

+ Latency: 
    * Summary: 
    +---------+---------+-----------+-----------+-----+-----+---------+
    |  Latency (cycles) |   Latency (absolute)  |  Interval | Pipeline|
    |   min   |   max   |    min    |    max    | min | max |   Type  |
    +---------+---------+-----------+-----------+-----+-----+---------+
    |        3|        3|  30.000 ns|  30.000 ns|    4|    4|      yes|
    +---------+---------+-----------+-----------+-----+-----+---------+

    + Detail: 
        * Instance: 
        N/A

        * Loop: 
        N/A



================================================================
== Utilization Estimates
================================================================
* Summary: 
+---------------------+---------+-------+---------+---------+------+
|         Name        | BRAM_18K|  DSP  |    FF   |   LUT   | URAM |
+---------------------+---------+-------+---------+---------+------+
|DSP                  |        -|      -|        -|        -|     -|
|Expression           |        -|      -|        0|      345|     -|
|FIFO                 |        -|      -|        -|        -|     -|
|Instance             |        -|      4|        0|       20|     -|
|Memory               |        -|      -|        -|        -|     -|
|Multiplexer          |        -|      -|        -|      210|     -|
|Register             |        -|      -|      272|        -|     -|
+---------------------+---------+-------+---------+---------+------+
|Total                |        0|      4|      272|      575|     0|
+---------------------+---------+-------+---------+---------+------+
|Available SLR        |     1344|   3072|   864000|   432000|   320|
+---------------------+---------+-------+---------+---------+------+
|Utilization SLR (%)  |        0|     ~0|       ~0|       ~0|     0|
+---------------------+---------+-------+---------+---------+------+
|Available            |     5376|  12288|  3456000|  1728000|  1280|
+---------------------+---------+-------+---------+---------+------+
|Utilization (%)      |        0|     ~0|       ~0|       ~0|     0|
+---------------------+---------+-------+---------+---------+------+

+ Detail: 
    * Instance: 
    +--------------------------+---------------------+---------+----+---+----+-----+
    |         Instance         |        Module       | BRAM_18K| DSP| FF| LUT| URAM|
    +--------------------------+---------------------+---------+----+---+----+-----+
    |mul_16s_11ns_26_1_1_U405  |mul_16s_11ns_26_1_1  |        0|   1|  0|   5|    0|
    |mul_16s_11s_26_1_1_U406   |mul_16s_11s_26_1_1   |        0|   1|  0|   5|    0|
    |mul_16s_12s_26_1_1_U407   |mul_16s_12s_26_1_1   |        0|   1|  0|   5|    0|
    |mul_16s_12s_26_1_1_U408   |mul_16s_12s_26_1_1   |        0|   1|  0|   5|    0|
    +--------------------------+---------------------+---------+----+---+----+-----+
    |Total                     |                     |        0|   4|  0|  20|    0|
    +--------------------------+---------------------+---------+----+---+----+-----+

    * DSP: 
    N/A

    * Memory: 
    N/A

    * FIFO: 
    N/A

    * Expression: 
    +-----------------------+----------+----+---+----+------------+------------+
    |     Variable Name     | Operation| DSP| FF| LUT| Bitwidth P0| Bitwidth P1|
    +-----------------------+----------+----+---+----+------------+------------+
    |add_ln58_10_fu_565_p2  |         +|   0|  0|  16|          16|          16|
    |add_ln58_11_fu_569_p2  |         +|   0|  0|  16|          16|          16|
    |add_ln58_12_fu_574_p2  |         +|   0|  0|  16|          16|           3|
    |add_ln58_13_fu_580_p2  |         +|   0|  0|  16|          16|          16|
    |add_ln58_14_fu_586_p2  |         +|   0|  0|  16|          16|          16|
    |add_ln58_15_fu_592_p2  |         +|   0|  0|  16|          16|          16|
    |add_ln58_1_fu_467_p2   |         +|   0|  0|  23|          16|          16|
    |add_ln58_2_fu_534_p2   |         +|   0|  0|  16|          16|          16|
    |add_ln58_3_fu_538_p2   |         +|   0|  0|  16|          16|          16|
    |add_ln58_4_fu_542_p2   |         +|   0|  0|  16|          16|           2|
    |add_ln58_5_fu_548_p2   |         +|   0|  0|  16|          16|          16|
    |add_ln58_6_fu_553_p2   |         +|   0|  0|  16|          16|          16|
    |add_ln58_7_fu_559_p2   |         +|   0|  0|  16|          16|          16|
    |add_ln58_8_fu_387_p2   |         +|   0|  0|  23|          16|          16|
    |add_ln58_9_fu_473_p2   |         +|   0|  0|  23|          16|          16|
    |add_ln58_fu_381_p2     |         +|   0|  0|  23|          16|          16|
    |add_ln73_fu_442_p2     |         +|   0|  0|  31|          24|          24|
    |sub_ln73_fu_506_p2     |         -|   0|  0|  30|           1|          23|
    +-----------------------+----------+----+---+----+------------+------------+
    |Total                  |          |   0|  0| 345|         281|         276|
    +-----------------------+----------+----+---+----+------------+------------+

    * Multiplexer: 
    +---------------+----+-----------+-----+-----------+
    |      Name     | LUT| Input Size| Bits| Total Bits|
    +---------------+----+-----------+-----+-----------+
    |ap_NS_fsm      |  26|          5|    1|          5|
    |grp_fu_142_p0  |  26|          5|   16|         80|
    |grp_fu_142_p1  |  26|          5|   11|         55|
    |grp_fu_143_p0  |  20|          4|   16|         64|
    |grp_fu_143_p1  |  20|          4|   11|         44|
    |grp_fu_144_p0  |  20|          4|   16|         64|
    |grp_fu_144_p1  |  20|          4|   12|         48|
    |grp_fu_145_p0  |  26|          5|   16|         80|
    |grp_fu_145_p1  |  26|          5|   12|         60|
    +---------------+----+-----------+-----+-----------+
    |Total          | 210|         41|  111|        500|
    +---------------+----+-----------+-----+-----------+

    * Register: 
    +-------------------------+----+----+-----+-----------+
    |           Name          | FF | LUT| Bits| Const Bits|
    +-------------------------+----+----+-----+-----------+
    |add_ln58_1_reg_630       |  16|   0|   16|          0|
    |add_ln58_8_reg_615       |  16|   0|   16|          0|
    |add_ln58_9_reg_635       |  16|   0|   16|          0|
    |add_ln58_reg_610         |  16|   0|   16|          0|
    |ap_CS_fsm                |   4|   0|    4|          0|
    |ap_port_reg_data_2_val   |  16|   0|   16|          0|
    |ap_port_reg_data_3_val   |  16|   0|   16|          0|
    |ap_port_reg_data_4_val   |  16|   0|   16|          0|
    |ap_port_reg_data_5_val   |  16|   0|   16|          0|
    |ap_port_reg_data_6_val   |  16|   0|   16|          0|
    |ap_port_reg_data_7_val   |  16|   0|   16|          0|
    |data_4_val_read_reg_620  |  16|   0|   16|          0|
    |trunc_ln42_10_reg_650    |  16|   0|   16|          0|
    |trunc_ln42_11_reg_655    |  16|   0|   16|          0|
    |trunc_ln42_12_reg_660    |  13|   0|   13|          0|
    |trunc_ln42_7_reg_640     |  15|   0|   15|          0|
    |trunc_ln42_8_reg_625     |  16|   0|   16|          0|
    |trunc_ln42_9_reg_645     |  16|   0|   16|          0|
    +-------------------------+----+----+-----+-----------+
    |Total                    | 272|   0|  272|          0|
    +-------------------------+----+----+-----+-----------+



================================================================
== Interface
================================================================
* Summary: 
+-------------+-----+-----+------------+----------------------------------------------------------------------------+--------------+
|  RTL Ports  | Dir | Bits|  Protocol  |                                Source Object                               |    C Type    |
+-------------+-----+-----+------------+----------------------------------------------------------------------------+--------------+
|ap_clk       |   in|    1|  ap_ctrl_hs|  dense_latency<ap_fixed<16, 6, 5, 3, 0>, ap_fixed<16, 6, 5, 3, 0>, config8>|  return value|
|ap_rst       |   in|    1|  ap_ctrl_hs|  dense_latency<ap_fixed<16, 6, 5, 3, 0>, ap_fixed<16, 6, 5, 3, 0>, config8>|  return value|
|ap_start     |   in|    1|  ap_ctrl_hs|  dense_latency<ap_fixed<16, 6, 5, 3, 0>, ap_fixed<16, 6, 5, 3, 0>, config8>|  return value|
|ap_done      |  out|    1|  ap_ctrl_hs|  dense_latency<ap_fixed<16, 6, 5, 3, 0>, ap_fixed<16, 6, 5, 3, 0>, config8>|  return value|
|ap_idle      |  out|    1|  ap_ctrl_hs|  dense_latency<ap_fixed<16, 6, 5, 3, 0>, ap_fixed<16, 6, 5, 3, 0>, config8>|  return value|
|ap_ready     |  out|    1|  ap_ctrl_hs|  dense_latency<ap_fixed<16, 6, 5, 3, 0>, ap_fixed<16, 6, 5, 3, 0>, config8>|  return value|
|ap_return_0  |  out|   16|  ap_ctrl_hs|  dense_latency<ap_fixed<16, 6, 5, 3, 0>, ap_fixed<16, 6, 5, 3, 0>, config8>|  return value|
|ap_return_1  |  out|   16|  ap_ctrl_hs|  dense_latency<ap_fixed<16, 6, 5, 3, 0>, ap_fixed<16, 6, 5, 3, 0>, config8>|  return value|
|ap_ce        |   in|    1|  ap_ctrl_hs|  dense_latency<ap_fixed<16, 6, 5, 3, 0>, ap_fixed<16, 6, 5, 3, 0>, config8>|  return value|
|data_0_val   |   in|   16|     ap_none|                                                                  data_0_val|        scalar|
|data_1_val   |   in|   16|     ap_none|                                                                  data_1_val|        scalar|
|data_2_val   |   in|   16|     ap_none|                                                                  data_2_val|        scalar|
|data_3_val   |   in|   16|     ap_none|                                                                  data_3_val|        scalar|
|data_4_val   |   in|   16|     ap_none|                                                                  data_4_val|        scalar|
|data_5_val   |   in|   16|     ap_none|                                                                  data_5_val|        scalar|
|data_6_val   |   in|   16|     ap_none|                                                                  data_6_val|        scalar|
|data_7_val   |   in|   16|     ap_none|                                                                  data_7_val|        scalar|
+-------------+-----+-----+------------+----------------------------------------------------------------------------+--------------+

